   Compiling oxfunc_core v0.1.0 (C:\Work\DnaCalc\OxFunc\crates\oxfunc_core)
    Finished `test` profile [unoptimized + debuginfo] target(s) in 2.68s
     Running tests\w111_date_live_replay.rs (target\debug\deps\w111_date_live_replay-5f2987fa80a610a1.exe)

running 4 tests
boundaries: 6777 compared, 0 mismatches; 2344 unsupported WEEKNUM selectors withheld
test date_boundary_live_replay ... ok
integer: 11242 compared, 0 mismatches; 363 unsupported WEEKNUM selectors withheld
test date_integer_live_replay ... ok
conversion: 12177 compared, 0 mismatches; 2625 unsupported WEEKNUM selectors withheld
test date_conversion_live_replay ... ok
heldout: 33992 compared, 552 mismatches; 0 unsupported WEEKNUM selectors withheld

thread 'date_independent_live_replay' (27052) panicked at crates\oxfunc_core\tests\w111_date_live_replay.rs:53:5:
FUNC.DATE "date-heldout-DATE-00001" args=["0x793228698b3628bc","0x40d9df9fd7a34aa6","0xc0dac9b77c596eca"] expected="error:Num" actual=0x40f4bec000000000
FUNC.DATE "date-heldout-DATE-00004" args=["0x4193c7267057fd40","0xc0bbf82c42ccd15c","0xc0d34b09fb026a26"] expected="0x4144c1e680000000" actual=error:Num
FUNC.DATE "date-heldout-DATE-00021" args=["0x7b39f6859f6eab0b","0xc032ac1fba15f3fb","0xc0d92822bcefc150"] expected="0x41465ebf00000000" actual=error:Num
FUNC.DATE "date-heldout-DATE-00049" args=["0x598404f9a10f3627","0xc0d47e322697bcb5","0xc0d7b676a43a455f"] expected="0x4141834480000000" actual=error:Num
FUNC.DATE "date-heldout-DATE-00056" args=["0x41dcd2f6837e1834","0xc0c66b1618610216","0x40d2df1f9e129dce"] expected="0x41440d8a00000000" actual=error:Num
FUNC.DATE "date-heldout-DATE-00065" args=["0x43853b8d5c0efca1","0xc0ac6bfb6dad9d90","0xc05642973e14e52c"] expected="0x4145b9c000000000" actual=error:Num
FUNC.DATE "date-heldout-DATE-00072" args=["0xc1c9476dae29b5e0","0xc0365e5b7b3df4f4","0xc0d09ccd02dc80e8"] expected="0x4144b49a00000000" actual=error:Num
FUNC.DATE "date-heldout-DATE-00077" args=["0x74f1d661051d84ea","0xc0c7834da764060c","0xc0d5f5cf5edcc4ee"] expected="0x41439a9700000000" actual=error:Num
FUNC.DATE "date-heldout-DATE-00084" args=["0xc1d354b835aa5226","0xc028c2ae594a0418","0x40d4d4e227ad312c"] expected="0x414117f200000000" actual=0x4146635680000000
FUNC.DATE "date-heldout-DATE-00088" args=["0x41da5109e2c77c86","0xc0b86b7d692dc7cc","0x40d08eeb64ed2b76"] expected="0x41453fa500000000" actual=0x4145976380000000
FUNC.DATE "date-heldout-DATE-00096" args=["0x41b2115dc53ffa28","0xc03079b77a13ce3c","0xc0c19c21ba8e2390"] expected="0x41467f9180000000" actual=error:Num
FUNC.DATE "date-heldout-DATE-00097" args=["0x52419b2f08c04f83","0x40d8a2e703fcad30","0xc0c627f163cd549e"] expected="error:Num" actual=0x40ee83e000000000
FUNC.DATE "date-heldout-DATE-00100" args=["0x41ce1d8fc6aa2bc4","0x40b16c8f52464c78","0x405c6fb497223b64"] expected="error:Num" actual=0x41423fbf80000000
FUNC.DATE "date-heldout-DATE-00104" args=["0x41dede8558811f94","0x40daf2824aa8503a","0x40b4d2c8f5fff3c8"] expected="error:Num" actual=0x4140684c00000000
FUNC.DATE "date-heldout-DATE-00112" args=["0x41cb6525886cdbf8","0xc0aea235bce91f70","0x40dce44192ccc6be"] expected="0x4145e2d400000000" actual=error:Num
FUNC.DATE "date-heldout-DATE-00116" args=["0xc1d0067cefaf14d4","0xc0d34fcbd074887e","0xc0c57f2e7d1f2388"] expected="error:Num" actual=0x4120429400000000
FUNC.DATE "date-heldout-DATE-00121" args=["0x6acc1175fe22c969","0x40dbbdab93b2379c","0xc0ba01efdf541e64"] expected="error:Num" actual=0x4104033000000000
FUNC.DATE "date-heldout-DATE-00128" args=["0x41cf4de399e92f1c","0xc0d967a72fe59870","0xc0b130d157dd556c"] expected="0x41407f1500000000" actual=error:Num
FUNC.DATE "date-heldout-DATE-00145" args=["0xc18147566ba4b21b","0x40b12b516c345618","0x407683e61b0e370e"] expected="0x4135b27900000000" actual=0x414024a100000000
FUNC.DATE "date-heldout-DATE-00149" args=["0x6d5690e7287f5767","0xc0dcd06a4180d4f6","0xc0ae26f1cbcecc58"] expected="0x413f613900000000" actual=error:Num
FUNC.DATE "date-heldout-DATE-00160" args=["0x41c1fd5b3b23eb84","0xc0ca0c48cf87a9fa","0x4063acc03890b230"] expected="0x414379a780000000" actual=error:Num
FUNC.DATE "date-heldout-DATE-00169" args=["0x687b11e18a0d498f","0xc0ada63280ff3f28","0xc0b9be989c363a78"] expected="0x4145a3a880000000" actual=error:Num
FUNC.DATE "date-heldout-DATE-00180" args=["0x41d1d74924ca90cc","0xc01a88e4ea77f208","0xc0605e0003af9b8e"] expected="0x4146918480000000" actual=0x4144cb1b00000000
FUNC.DATE "date-heldout-DATE-00184" args=["0xc1dc123d2dcbd07a","0x40db8c951f20e7c2","0x40b2c9851c143308"] expected="0x4132ae4700000000" actual=0x413d450f00000000
FUNC.DATE "date-heldout-DATE-00188" args=["0x41d3eea18955e182","0xc0d9951f80d5335d","0x40d1ef8acd3a09dc"] expected="0x4140a0bb00000000" actual=error:Num
FUNC.DATE "date-heldout-DATE-00193" args=["0x58e0aafb050d27a2","0xc0d3245d1386ef26","0xc0a0c1cd02baa460"] expected="0x414200b880000000" actual=error:Num
FUNC.DATE "date-heldout-DATE-00196" args=["0x41d4568cdec24ea2","0xc0c4157389f6d4ae","0xc0d6decdefa3f302"] expected="0x4144012800000000" actual=error:Num
FUNC.DATE "date-heldout-DATE-00197" args=["0x56791f586be1fcea","0xc0b65302564afdc0","0xc0bae620578a61e4"] expected="0x414530f080000000" actual=error:Num
FUNC.DATE "date-heldout-DATE-00200" args=["0x41cc44b5ab397088","0xc0dcd3cdf24ed995","0x405bd17c0552ccd8"] expected="0x413f6f1000000000" actual=error:Num
FUNC.DATE "date-heldout-DATE-00204" args=["0x41d9f286131cbbf2","0x40312f0b51a1fbba","0x40def71dfa7e5b3e"] expected="error:Num" actual=0x4138913a00000000
FUNC.DATE "date-heldout-DATE-00205" args=["0x4a2c9bdb8548643f","0xc0d1391062c02d56","0xc0620008f2570a14"] expected="0x4142797080000000" actual=error:Num
FUNC.DATE "date-heldout-DATE-00217" args=["0x7a616198a9423fa6","0xc0c6396ee95b9f1c","0x40d3fcf0f8758656"] expected="0x414415b800000000" actual=error:Num
FUNC.DATE "date-heldout-DATE-00220" args=["0x41b7dc1984baaef0","0x40c283dcdef87724","0xc074e6a04f9724e8"] expected="error:Num" actual=0x413e362e00000000
FUNC.DATE "date-heldout-DATE-00224" args=["0x41d7651e94f2aa60","0xc0be1405b732ea90","0xc0b0baa5cf8e07e0"] expected="0x4144c00600000000" actual=error:Num
FUNC.DATE "date-heldout-DATE-00232" args=["0x41dd2abbdeffef54","0xc0d037ecd814bb7a","0x40c3862ef7bcb314"] expected="0x4142ca6b00000000" actual=error:Num
FUNC.DATE "date-heldout-DATE-00244" args=["0x41dfe0b8f934f58e","0xc0c87145cc9a36de","0x40c89ed029730000"] expected="0x4143c2d580000000" actual=error:Num
FUNC.DATE "date-heldout-DATE-00248" args=["0x41ded8a39ab7713c","0xc0d430d9672ff56e","0xc085fb3432368280"] expected="0x4141c3b100000000" actual=error:Num
FUNC.DATE "date-heldout-DATE-00253" args=["0x679428fa82660363","0x40dd33e8321a029e","0x40df7e05bd219338"] expected="error:Num" actual=0x410e52e000000000
FUNC.DATE "date-heldout-DATE-00281" args=["0x43e6adfbeeb436c0","0xc0d4e7b264a8d468","0xc078b26d6d65e040"] expected="0x414198d600000000" actual=error:Num
FUNC.DATE "date-heldout-DATE-00288" args=["0x41d6520b6120cb86","0xc0304a3712ca7857","0xc0c5453511070bac"] expected="0x41467be880000000" actual=error:Num
FUNC.DATE "date-heldout-DATE-00312" args=["0xc188b7ae499b7f40","0x4026a1839048d424","0x40d9b05adadc2458"] expected="0x41118a8400000000" actual=0x412df2d400000000
FUNC.DATE "date-heldout-DATE-00317" args=["0x7166d9db8c9aa3a7","0x40d86885264bbd12","0x40a90ba3e39ab4c0"] expected="error:Num" actual=0x40f1142000000000
FUNC.DATE "date-heldout-DATE-00324" args=["0xc1b6afe7ddc947c0","0x4021193e433a7354","0x40d1cf0e8ad0e262"] expected="0x41381f9d00000000" actual=0x41415b3300000000
FUNC.DATE "date-heldout-DATE-00325" args=["0x7552b673e02e46b9","0xc0d58f4843501682","0x4052b58ab89870d4"] expected="0x414171de00000000" actual=error:Num
FUNC.DATE "date-heldout-DATE-00356" args=["0x41a90ceae915cde0","0xc0d0b0f2fb528d62","0xc0cf2058002d3a90"] expected="0x41427aff00000000" actual=error:Num
FUNC.DATE "date-heldout-DATE-00364" args=["0xc1d1273ca9ea2c9c","0xc0d677cdd0c4d781","0x40d24ed792fd85b6"] expected="error:Num" actual=0x4121469c00000000
FUNC.DATE "date-heldout-DATE-00365" args=["0x79225b22b891000d","0xc0b0dd4c63dad120","0xc04af60eba763158"] expected="0x4145916580000000" actual=error:Num
FUNC.DATE "date-heldout-DATE-00373" args=["0x664189cc2bc2ffcf","0xc0d7151a0041b008","0xc0b75cc18bc11220"] expected="0x4141095c00000000" actual=error:Num
FUNC.DATE "date-heldout-DATE-00381" args=["0x69050a62f3c7ee2a","0xbfe9c91a4e112780","0xc0da61f56db94f24"] expected="0x41465d5e00000000" actual=error:Num
FUNC.DATE "date-heldout-DATE-00408" args=["0x41d8eb50e94a7080","0xc0387d785f45bb81","0xc0d88514770a8162"] expected="0x41465faa80000000" actual=error:Num
FUNC.DATE "date-heldout-DATE-00412" args=["0xc1c139f3e38cbf50","0xc0bcabec7ffd2374","0xc0d55cd70dd1b386"] expected="0x413438ae00000000" actual=0x413ecf7700000000
FUNC.DATE "date-heldout-DATE-00413" args=["0x4a62be6e18ebc2e9","0xc0d9ae56eb1ae450","0xc0cd8e4036cd7140"] expected="0x4140594c00000000" actual=error:Num
FUNC.DATE "date-heldout-DATE-00420" args=["0x41d6bee653598d36","0xc035925c104a6d61","0xc016cf558a0b0900"] expected="0x414690e000000000" actual=error:Num
FUNC.DATE "date-heldout-DATE-00425" args=["0x4a3b948476d65324","0xc0d69ce4652f71c6","0x4075e36e890e9078"] expected="0x4141325200000000" actual=error:Num
FUNC.DATE "date-heldout-DATE-00428" args=["0x41d6b538d8eb0e0c","0xc0d0970584996ba2","0x40ddb4f4e9e5ca6c"] expected="0x4142dba880000000" actual=error:Num
FUNC.DATE "date-heldout-DATE-00441" args=["0x7d0ae85727853891","0xc032ab56e26cab8d","0xc0d398dd392a8e38"] expected="0x414669dd80000000" actual=error:Num
FUNC.DATE "date-heldout-DATE-00444" args=["0x41b1de8f6652a2b0","0xc02dc7f7abf2e1c3","0x4072aedb0f2f5000"] expected="0x414691e200000000" actual=error:Num
FUNC.DATE "date-heldout-DATE-00448" args=["0x4194e20dda5fefc0","0xc0d92d608736126b","0xc0ae69a4f1035fb0"] expected="0x41408dec80000000" actual=error:Num
FUNC.DATE "date-heldout-DATE-00461" args=["0x4e8417b1d8143300","0xc0dde3430853160d","0x40c343244d9e3670"] expected="0x413f140900000000" actual=error:Num
FUNC.DATE "date-heldout-DATE-00493" args=["0x6a836867b17ed407","0xc0d9e56a4937f0e6","0xc0db00fc52b958ea"] expected="0x414033c580000000" actual=error:Num
FUNC.DATE "date-heldout-DATE-00497" args=["0x7d331999795e8298","0x40d65858f954b5ca","0x40c9ee308205e754"] expected="error:Num" actual=0x40ceaf8000000000
FUNC.DATE "date-heldout-DATE-00500" args=["0x41d3539f8fc7c6e2","0xc0d63a4840658c62","0xc05a15fe3edc0830"] expected="0x414148db00000000" actual=error:Num
FUNC.DATE "date-heldout-DATE-00508" args=["0x41a673d8a0da59d0","0xc0caa1f9f4a037be","0x40d900f0f90ea314"] expected="0x4143999400000000" actual=error:Num
FUNC.DATE "date-heldout-DATE-00517" args=["0x447144f51cfbe12d","0xc0b7136b430f4308","0xc0c2c5ae62d8f118"] expected="0x4145203400000000" actual=error:Num
FUNC.DATE "date-heldout-DATE-00520" args=["0xc1c1e6f2d62fa062","0x40d1d98ecb952e08","0xc05694e668137708"] expected="0x4141ba4f00000000" actual=error:Num
FUNC.DATE "date-heldout-DATE-00521" args=["0x5acafd0ea16ade19","0xc0ce7141f9f5d256","0xc0b0dee0b051ace4"] expected="0x4142eb2800000000" actual=error:Num
FUNC.DATE "date-heldout-DATE-00532" args=["0x41df51a64be320ec","0xc0ddd36d734b9705","0xc0c92e2a06cf7d26"] expected="0x413ec2c200000000" actual=error:Num
FUNC.DATE "date-heldout-DATE-00540" args=["0x41d88efc06107fea","0xbff705d33e3c9020","0xc07234bf3df7d791"] expected="0x4146918080000000" actual=error:Num
FUNC.DATE "date-heldout-DATE-00541" args=["0x50c1c8c4526fb49e","0x40d739b01074ca3a","0xc0ce6bc35490a026"] expected="error:Num" actual=0x40cbe58000000000
FUNC.DATE "date-heldout-DATE-00544" args=["0x41c24b4e88b21f14","0xc08c327a48f48c80","0xc0cfe93568cc11f6"] expected="0x41463c9980000000" actual=error:Num
FUNC.DATE "date-heldout-DATE-00557" args=["0x72f1a79959b91e4c","0xc0d10748ea097dc8","0x40be8d3cf4e33d78"] expected="0x414294d480000000" actual=error:Num
FUNC.DATE "date-heldout-DATE-00564" args=["0x41868fcd29498200","0xc02d6dac7e92339e","0xc0b0932fa73355a0"] expected="0x4146890300000000" actual=error:Num
FUNC.DATE "date-heldout-DATE-00569" args=["0x4a08d2b447330092","0xc0d25424a50011b9","0x40d86fafe899f6d0"] expected="0x4142674d80000000" actual=error:Num
FUNC.DATE "date-heldout-DATE-00573" args=["0x551e143ddcca0c35","0xc03466cf63207c40","0xc0d72c3ed0bcec1c"] expected="0x4146629880000000" actual=error:Num
FUNC.DATE "date-heldout-DATE-00576" args=["0x41dd034929e1434a","0x4032ddd4a9ed5272","0xc0dab07e85dee875"] expected="error:Num" actual=0x4144a5bd00000000
FUNC.DATE "date-heldout-DATE-00581" args=["0x64d744b7b5c94bf4","0x40dd266ba899e40e","0xc0d4157512c3de54"] expected="error:Num" actual=0x4107ad0800000000
FUNC.DATE "date-heldout-DATE-00585" args=["0x78c2347845e7498a","0xc020fab11d73336a","0xc0644db300ab81dd"] expected="0x4146915600000000" actual=error:Num
FUNC.DATE "date-heldout-DATE-00589" args=["0x63fff5311fa1c2f0","0xc0d13d53f73e6343","0x40c0eecf92f8b304"] expected="0x414289a580000000" actual=error:Num
FUNC.DATE "date-heldout-DATE-00605" args=["0x6b0b69003b78fee9","0xc0b654f2224f7f40","0xc0687ff43c367c1d"] expected="0x41453df280000000" actual=error:Num
FUNC.DATE "date-heldout-DATE-00620" args=["0x41d50f0d5d3504e6","0xc0dec092fce5047c","0x405bd25d4bacf88c"] expected="0x413e84ba00000000" actual=error:Num
FUNC.DATE "date-heldout-DATE-00621" args=["0x42091ac6f6c6eb3c","0xc03822ce9c955c0c","0xc0cb9733a4ec1e0a"] expected="0x4146751d80000000" actual=error:Num
FUNC.DATE "date-heldout-DATE-00624" args=["0x41cd070b2621552c","0xc0159c531a282228","0x40cbd6d1a8baea00"] expected="error:Num" actual=0x41356fd300000000
FUNC.DATE "date-heldout-DATE-00636" args=["0x41dc9f8437a3e98e","0x401a4e85604aea38","0xc0dcdd5abdd49df6"] expected="error:Num" actual=0x412a0dec00000000
FUNC.DATE "date-heldout-DATE-00640" args=["0x41c2db00bb5a9628","0xc0d10467eeeecba6","0xc059090acefd6240"] expected="0x4142861200000000" actual=error:Num
FUNC.DATE "date-heldout-DATE-00657" args=["0x5bd15e6df6642bc8","0xc02b140289a4b01e","0xc0dae375fac698b0"] expected="0x41465b9500000000" actual=error:Num
FUNC.DATE "date-heldout-DATE-00660" args=["0xc19187cef4a0c300","0x4027143e7dbfe564","0xc060453912700504"] expected="0x411b9be000000000" actual=0x41317dc100000000
FUNC.DATE "date-heldout-DATE-00661" args=["0x5dabfb04dfd90ac8","0xc0d46d992622e072","0xc0c61c31c4541438"] expected="0x4141a08280000000" actual=error:Num
FUNC.DATE "date-heldout-DATE-00664" args=["0x41d4adc135547fca","0x40dd4fe227527c10","0xc0d0eb4c60768962"] expected="error:Num" actual=0x4123f5c400000000
FUNC.DATE "date-heldout-DATE-00665" args=["0x770861cd73c20aa9","0xc0dfa55a437efce3","0x40725bd88d79b558"] expected="0x413e18a600000000" actual=error:Num
FUNC.DATE "date-heldout-DATE-00672" args=["0x41d1725b63462498","0xc02c788490030918","0xc0d70d4be9cfb226"] expected="0x4146633200000000" actual=error:Num
FUNC.DATE "date-heldout-DATE-00676" args=["0x41cd32056614b798","0x40dc19afe0340a08","0x40d0fcd97fda6ee6"] expected="error:Num" actual=0x4132719500000000
FUNC.DATE "date-heldout-DATE-00681" args=["0x6c50af2895831368","0x3fc4f134d9c6b680","0xc0b56b751c3d7890"] expected="0x4146877b00000000" actual=error:Num
FUNC.DATE "date-heldout-DATE-00689" args=["0x6b52d11d46bc5f97","0x40d6db62ca957f36","0xc0a89725c94a2cd0"] expected="error:Num" actual=0x40cdc18000000000
FUNC.DATE "date-heldout-DATE-00697" args=["0x55b545fd5feefb90","0xc0db3fd3840d8d17","0x40d3685d0ab4589c"] expected="0x41403e3280000000" actual=error:Num
FUNC.DATE "date-heldout-DATE-00704" args=["0x41cbeafa476e0d8c","0xc0d104d8f6688554","0xc0bcfae19749b7a8"] expected="0x414277a880000000" actual=error:Num
FUNC.DATE "date-heldout-DATE-00705" args=["0x61d29546616a7482","0xc0222bb5550651c6","0x4067929b2a627cd4"] expected="0x414691f780000000" actual=error:Num
FUNC.DATE "date-heldout-DATE-00709" args=["0x4e227cbe54bbc37a","0xc0c46c0c704a76fa","0x406204bb9b51a000"] expected="0x414424d580000000" actual=error:Num
FUNC.DATE "date-heldout-DATE-00716" args=["0x41c07959a5436590","0xc0da7c7dc60b8a14","0x40a5832e4d5de0d0"] expected="0x41404b3f00000000" actual=error:Num
FUNC.DATE "date-heldout-DATE-00733" args=["0x7738f7d406c8ea9a","0x40df0a57ec44ffec","0x40dc9520738aa140"] expected="error:Num" actual=0x411279e800000000
FUNC.DATE "date-heldout-DATE-00740" args=["0x41da0ba74cc98bba","0xc0aeff7fa0c066a8","0x406c82996a28a638"] expected="0x4145a6c080000000" actual=error:Num
FUNC.DATE "date-heldout-DATE-00745" args=["0x52c33164c636695e","0xc0a3ebdb061a0bf8","0x4064f86ac8220fc4"] expected="0x4145faed80000000" actual=error:Num
FUNC.DATE "date-heldout-DATE-00748" args=["0x41c9c895e2d3ef4c","0xc0d8d6117002ffa0","0xc0dd4d6f857310d6"] expected="0x41406fab80000000" actual=0x4143cb4600000000
FUNC.DATE "date-heldout-DATE-00768" args=["0xc1ba42f2c59f3b38","0x402f6181c6ca9dfc","0xc0d05ccf7069aa82"] expected="0x412010a800000000" actual=0x41329f1d00000000
FUNC.DATE "date-heldout-DATE-00772" args=["0xc1cbc0f865a1952e","0x40b7ed6964ded248","0x40de38943736da1e"] expected="0x412cd61000000000" actual=0x413901d000000000
FUNC.DATE "date-heldout-DATE-00776" args=["0x419257d4d0fd6f00","0xc0b0e3b1ff0604b0","0xc0d981fb4d503198"] expected="0x41455e2080000000" actual=error:Num
FUNC.DATE "date-heldout-DATE-00781" args=["0x7edaa86ee2b0c361","0xc0cbb28fde245b62","0xc0dbd15f38b1562d"] expected="0x41430f7b00000000" actual=error:Num
FUNC.DATE "date-heldout-DATE-00785" args=["0x4d9b736a679c6f2e","0xc0dfb0f8ded81812","0x40743ef1d4314580"] expected="0x413e134c00000000" actual=error:Num
FUNC.DATE "date-heldout-DATE-00788" args=["0x41db8646fd51acae","0xc0d275c3b6afa488","0x40c85fd877ceca7c"] expected="0x414246c780000000" actual=0x4134b55e00000000
FUNC.DATE "date-heldout-DATE-00792" args=["0xc1d4fdfc8bb38eda","0xc003ad878118c1e8","0x40da6f376ac5a246"] expected="0x412311a200000000" actual=0x41341f9a00000000
FUNC.DATE "date-heldout-DATE-00797" args=["0x68557648d71e5763","0xc0daccc64d340983","0x40dc7bb4bb75d3f0"] expected="0x41406bb180000000" actual=error:Num
FUNC.DATE "date-heldout-DATE-00800" args=["0xc1d18cb9616ad047","0x40b5b11892c9a6c8","0x405320f734ef3388"] expected="0x413dc3fc00000000" actual=0x41442d6200000000
FUNC.DATE "date-heldout-DATE-00801" args=["0x6a768f48a587d0a3","0xc0380dc05a66cc09","0xc0aa95992ee79718"] expected="0x41468a0f80000000" actual=error:Num
FUNC.DATE "date-heldout-DATE-00817" args=["0x5c500087d2615883","0xc0ad823379fad3e0","0x40c7d3afe32984ec"] expected="0x4145c96e80000000" actual=error:Num
FUNC.DATE "date-heldout-DATE-00820" args=["0x41c376109515b438","0x40ad77f34b6fce10","0xc0674025370ef5d3"] expected="error:Num" actual=0x41433cd200000000
FUNC.DATE "date-heldout-DATE-00821" args=["0x72ca59f03b39d904","0xc0dd61f92f03666d","0xc0ccfffabfacbda8"] expected="0x413ef11a00000000" actual=error:Num
FUNC.DATE "date-heldout-DATE-00829" args=["0x53432478f7dac5ca","0xc0d8d3d11e261956","0x40bfc9936e7354a0"] expected="0x4140bab400000000" actual=error:Num
FUNC.DATE "date-heldout-DATE-00832" args=["0x41a2956fb58e8e30","0xc0d95e5230ebff3f","0xc0d4e5ea34bd4545"] expected="0x4140601500000000" actual=error:Num
FUNC.DATE "date-heldout-DATE-00833" args=["0x5e063899c44db066","0xc0d9fc144c174bef","0x40d9d2fc86d8ce54"] expected="0x4140980300000000" actual=error:Num
FUNC.DATE "date-heldout-DATE-00844" args=["0x41bb43c4214c89b8","0xc0dfe0efb5ff30d5","0xc0cbb2f72728d644"] expected="0x413dc3cf00000000" actual=error:Num
FUNC.DATE "date-heldout-DATE-00845" args=["0x5f63dd71f476811c","0xc0cfafa65d3b6594","0x40678797f60d86b4"] expected="0x4142ce1700000000" actual=error:Num
FUNC.DATE "date-heldout-DATE-00852" args=["0x4180abee7e926fc0","0xc006c459b3f1d690","0xc0dd6b150c5ba8c1"] expected="0x4146572d00000000" actual=error:Num
FUNC.DATE "date-heldout-DATE-00860" args=["0x41b2a0ffea48f018","0xc0c4c03762746dd8","0xc062a9c997cfc93e"] expected="0x41441a4580000000" actual=error:Num
FUNC.DATE "date-heldout-DATE-00873" args=["0x5d6882dbf7b70184","0xc0148e4df5295a10","0xc0d5fcfa74a03392"] expected="0x414665db80000000" actual=error:Num
FUNC.DATE "date-heldout-DATE-00876" args=["0x41c372cd17df588c","0xc010fca8077b2320","0xc0bfcf4a7dab2f80"] expected="0x414681fc80000000" actual=error:Num
FUNC.DATE "date-heldout-DATE-00877" args=["0x7b10d9c0bd5d99db","0xc0c2c9c5d6e5aa48","0x40c09b776ff61144"] expected="0x414466ea80000000" actual=error:Num
FUNC.DATE "date-heldout-DATE-00893" args=["0x4bec5553559d2d64","0xc0c5f5f7484b3554","0x40d107192bad94c2"] expected="0x414417d300000000" actual=error:Num
FUNC.DATE "date-heldout-DATE-00896" args=["0x41c98035d0110c74","0xc0d6576bb4350da9","0xc0da8151af62f518"] expected="0x41410d2700000000" actual=error:Num
FUNC.DATE "date-heldout-DATE-00900" args=["0x41d9bb131404cdc8","0xbff2703376b92140","0xc07203aba876848b"] expected="0x4146918200000000" actual=error:Num
FUNC.DATE "date-heldout-DATE-00933" args=["0x63b6e7a3221fc390","0xc032e48f0a01cd7f","0x4073f503aa3b6100"] expected="0x414691af00000000" actual=error:Num
FUNC.DATE "date-heldout-DATE-00936" args=["0x41de045d99f8802a","0xc02e27b8cf3dc492","0xc0ae05d39ce51c78"] expected="0x414689bc00000000" actual=error:Num
FUNC.DATE "date-heldout-DATE-00952" args=["0x41dd1334b35db374","0xc0dadfea19c034fd","0x40d354dcbdb3d37c"] expected="0x414054df00000000" actual=error:Num
FUNC.DATE "date-heldout-DATE-00953" args=["0x4e0175c148bd0ae5","0xc0dffa5024c06d5d","0xc0ca6cbf90af90fc"] expected="0x413dba3c00000000" actual=error:Num
FUNC.DATE "date-heldout-DATE-00956" args=["0xc1d66dfbc87a5468","0xc0cbe304aac8306c","0x40c8d3756d991018"] expected="0x411c26b000000000" actual=0x4131a07500000000
FUNC.DATE "date-heldout-DATE-00957" args=["0x4e14f864015fe67d","0xc020702f3a784686","0xc0dc3e03158aaf64"] expected="0x4146592b00000000" actual=error:Num
FUNC.DATE "date-heldout-DATE-00961" args=["0x64510b4eb85b2e49","0xc0abe98e19791e70","0xc0b88318ebd0d114"] expected="0x4145b18700000000" actual=error:Num
FUNC.DATE "date-heldout-DATE-00973" args=["0x7c458c42a89572b5","0x40dfa59ad9528920","0x40d1a06bae28e8fc"] expected="error:Num" actual=0x4112f1ec00000000
FUNC.DATE "date-heldout-DATE-00988" args=["0x41c590bc4e06a7f0","0xc0dccbd7c923ba55","0xc0d94836fd9612a4"] expected="0x413f0d4e00000000" actual=error:Num
FUNC.DATE "date-heldout-DATE-00989" args=["0x7812c72f36269934","0xc0cfbfd4d170bd58","0xc0c3e2454d833558"] expected="0x4142b7ef80000000" actual=error:Num
FUNC.DATE "date-heldout-DATE-00993" args=["0x7a166489e3cb6f5b","0xc025f2982597c560","0xc0de87b8fcada9e0"] expected="0x4146547a80000000" actual=error:Num
FUNC.DATE "date-heldout-DATE-01001" args=["0x75550f59e835954a","0xc0d8bbd068f6f945","0xc0cdbde9008f5a92"] expected="0x414092c680000000" actual=error:Num
FUNC.DATE "date-heldout-DATE-01004" args=["0xc1db4f3cfffbc9e4","0xc0b40d8253a68dec","0x40d3e6bd92eae604"] expected="0x4111d4d800000000" actual=0x412e17fe00000000
FUNC.DATE "date-heldout-DATE-01009" args=["0x442e69d21861f872","0xc0d4dc979d11e7aa","0xc0d85d120634a4d2"] expected="0x41416b7f00000000" actual=error:Num
FUNC.DATE "date-heldout-DATE-01024" args=["0x41c5de0006d37838","0xc0bd84e88342d390","0xc0d56ce3c20a2dfd"] expected="0x4144a61900000000" actual=error:Num
FUNC.DATE "date-heldout-DATE-01037" args=["0x44f84c3a18ab854b","0xc0de7f7ad20ad08e","0xc0d4cdcdfddcf6f8"] expected="0x413e501b00000000" actual=error:Num
FUNC.DATE "date-heldout-DATE-01040" args=["0x41d51948879d090a","0xc0d6a046df1e00d1","0x406b7c7c6f00be4c"] expected="0x4141313c80000000" actual=0x413b543b00000000
FUNC.DATE "date-heldout-DATE-01045" args=["0x7324da15855e6e6d","0xc0d0fb3d37e4e916","0x4042fdf6514aaf88"] expected="0x4142888a80000000" actual=error:Num
FUNC.DATE "date-heldout-DATE-01048" args=["0x41c5798b7617c9b8","0xc0cc83f60efeeaa8","0x409024e6503d0700"] expected="0x4143304800000000" actual=0x412eb2a400000000
FUNC.DATE "date-heldout-DATE-01052" args=["0x41d82008e706af60","0x409e2419554c0980","0x409d206716918a40"] expected="error:Num" actual=0x414491e500000000
FUNC.DATE "date-heldout-DATE-01056" args=["0x41d1e3c15c08c782","0xc0346acfda1cf696","0xc0d5974b91350d8c"] expected="0x414665c200000000" actual=error:Num
FUNC.DATE "date-heldout-DATE-01061" args=["0x53f9d1a0c92812fa","0xc0df9750ea18042d","0xc0debe1d0306304e"] expected="0x413da33100000000" actual=error:Num
FUNC.DATE "date-heldout-DATE-01069" args=["0x500912b8c58b44ec","0xc0b2cd03aea9aa48","0x40b907da902159c0"] expected="0x4145808700000000" actual=error:Num
FUNC.DATE "date-heldout-DATE-01077" args=["0x599cd2625980ff3d","0xc01556123f125bd8","0xc0c53e25ad467bbe"] expected="0x41467c9700000000" actual=error:Num
FUNC.DATE "date-heldout-DATE-01080" args=["0x41c31fdbe7d4c9b0","0xc030d8aa583b38ae","0x4065fe2cedafe8e0"] expected="0x4146918580000000" actual=error:Num
FUNC.DATE "date-heldout-DATE-01081" args=["0x4cfa146d313c05cb","0x40da169ae27ada4c","0xc0d671c02787cafc"] expected="error:Num" actual=0x40f7775000000000
FUNC.DATE "date-heldout-DATE-01088" args=["0x41b9ab24a9993910","0xc0d597a8ad9684d2","0x40dc290377542ad4"] expected="0x4141a81400000000" actual=0x413fe2b700000000
FUNC.DATE "date-heldout-DATE-01092" args=["0x41dbbf0ee6ac1450","0xc02ccd3077bfd042","0xc0c5e0e966b46592"] expected="0x41467b6c00000000" actual=error:Num
FUNC.DATE "date-heldout-DATE-01100" args=["0x41deab4f9feefb7c","0xc069be2af49f9e00","0x407013fcb96bbc64"] expected="0x4146867280000000" actual=error:Num
FUNC.DATE "date-heldout-DATE-01104" args=["0xc1c09b70c96319a8","0xc0332fad36c99b25","0x40b45e800514e7c8"] expected="0x414071f000000000" actual=0x4145bd5480000000
FUNC.DATE "date-heldout-DATE-01105" args=["0x7fc9818a9e7cdce6","0x40d99ea220e638c2","0xc071d1047200458f"] expected="error:Num" actual=0x40f970e000000000
FUNC.DATE "date-heldout-DATE-01109" args=["0x5283a30d71c7d961","0xc0903ca32fca9fe0","0xc0dff75d6fc85c69"] expected="0x4146146e80000000" actual=error:Num
FUNC.DATE "date-heldout-DATE-01116" args=["0x41da39030126b766","0xc0351648d50dfdb1","0x40b592ac9765b780"] expected="error:Num" actual=0x411a82b400000000
FUNC.DATE "date-heldout-DATE-01117" args=["0x47b0d41daf3b3c10","0x40dfa40722ab7334","0xc0de785698af61a2"] expected="error:Num" actual=0x410fdb1000000000
FUNC.DATE "date-heldout-DATE-01124" args=["0x41dceec7fde8cec0","0xc0c587b707ff3cd0","0x40c9d633527e9920"] expected="0x41441caf00000000" actual=0x413e190100000000
FUNC.DATE "date-heldout-DATE-01128" args=["0xc1d4573c878182ad","0xc028ecef440b2ea3","0x40d5d0ea4b621690"] expected="0x412317f600000000" actual=0x413422c400000000
FUNC.DATE "date-heldout-DATE-01140" args=["0x41c10166223ef930","0xc03112ea90a1fb3f","0xc06b53a6e4bf6ef5"] expected="0x414690b180000000" actual=error:Num
FUNC.DATE "date-heldout-DATE-01144" args=["0x41ccdb19938c5a38","0xc0d7052130e73368","0x40d73419e05762a4"] expected="0x4141474080000000" actual=error:Num
FUNC.DATE "date-heldout-DATE-01145" args=["0x74449f478b251b21","0xc0dbf830133adc7d","0x406241c13c8f9340"] expected="0x413fd7b500000000" actual=error:Num
FUNC.DATE "date-heldout-DATE-01148" args=["0xc179ff716cb3a5c0","0x40d5ba8dfcfcb796","0xc0de44d508cb4a8a"] expected="0x4127f79200000000" actual=0x4136929200000000
FUNC.DATE "date-heldout-DATE-01153" args=["0x6398c7b2768d9836","0xc0bf1c8ec9d00254","0x40d0e31a29899584"] expected="0x4144da7800000000" actual=error:Num
FUNC.DATE "date-heldout-DATE-01164" args=["0x41d7407cc5433e10","0xc02e8d72a1c87180","0xc090352597d45cc0"] expected="0x41468f3680000000" actual=error:Num
FUNC.DATE "date-heldout-DATE-01172" args=["0x41dd0e15a308e1e6","0xc0dfb788dc7a2179","0xc0d5c674419b4756"] expected="0x413db7b900000000" actual=error:Num
FUNC.DATE "date-heldout-DATE-01193" args=["0x6a6c8ce83fd20882","0xc0c16d4347964390","0x40b15275c4c0ed48"] expected="0x4144886800000000" actual=error:Num
FUNC.DATE "date-heldout-DATE-01196" args=["0x41c788578845d6b8","0xc0d63e51e306be06","0x40cd71f9aef0ba60"] expected="0x4141658d00000000" actual=error:Num
FUNC.DATE "date-heldout-DATE-01208" args=["0xc1d9f13c54081bcf","0x40d1b2f71ef11e3c","0x40d464bffba80296"] expected="0x4133187500000000" actual=0x413daf3d00000000
FUNC.DATE "date-heldout-DATE-01216" args=["0x41dfd881ae12b5da","0xc0d682a23334a87c","0xc0d06e7a80b8128e"] expected="0x4141170480000000" actual=error:Num
FUNC.DATE "date-heldout-DATE-01217" args=["0x69654db282986a6c","0xc0df0c94987aa74b","0x40da6aa167a1bf9e"] expected="0x413ec9cf00000000" actual=error:Num
FUNC.DATE "date-heldout-DATE-01225" args=["0x4a1b6da9902a9ee7","0xc0c7f5281333a28e","0xc03a6ee8c7d244e0"] expected="0x4143b8e780000000" actual=error:Num
FUNC.DATE "date-heldout-DATE-01233" args=["0x489be56c38112039","0xc01b14555f843f60","0xc0dd600494d90c2a"] expected="0x4146570580000000" actual=error:Num
FUNC.DATE "date-heldout-DATE-01237" args=["0x482dfe9a50160259","0xc0d8657495ae5100","0xc0df61d81b74cb3c"] expected="0x4140865280000000" actual=error:Num
FUNC.DATE "date-heldout-DATE-01248" args=["0x4197277eab045a00","0xbfeaf6d946a10960","0xc0dda973b4420c65"] expected="0x414656cf00000000" actual=error:Num
FUNC.DATE "date-heldout-DATE-01252" args=["0x41ca19b54e6f54c0","0xc0ce68625a03c068","0x409fb5abeff029e0"] expected="0x4142f89f00000000" actual=error:Num
FUNC.DATE "date-heldout-DATE-01253" args=["0x78dda68358a1d074","0x40d75e08114b5f3c","0xc0d14345a2b375e2"] expected="error:Num" actual=0x40d03c4000000000
FUNC.DATE "date-heldout-DATE-01264" args=["0x41df8eeeaeb23d56","0xc0df32cb04ede3bd","0x40dad12bf4ba1a7a"] expected="0x413eb93900000000" actual=error:Num
FUNC.DATE "date-heldout-DATE-01276" args=["0x41da21a64233d88e","0xc0deac7b286b614e","0xc0d96ffc910fcc5e"] expected="0x413e282c00000000" actual=error:Num
FUNC.DATE "date-heldout-DATE-01280" args=["0x41c9d1ac6864e6dc","0xc09bf3479d1f5090","0xc0737c095c5b9808"] expected="0x4146273b80000000" actual=error:Num
FUNC.DATE "date-heldout-DATE-01281" args=["0x4353cf7f6f2cf45e","0xc03233d63fc98488","0xc0d2649055027ef1"] expected="0x41466c4600000000" actual=error:Num
FUNC.DATE "date-heldout-DATE-01284" args=["0x41ad290f61629ac0","0xc0205844cefe99dc","0xc0df2bf05a0a5559"] expected="0x4146534f80000000" actual=error:Num
FUNC.DATE "date-heldout-DATE-01289" args=["0x46efb92dcdcdc42c","0xc0d0534d1a7de124","0x40d4de67eb14f408"] expected="0x4142da1780000000" actual=error:Num
FUNC.DATE "date-heldout-DATE-01297" args=["0x52e34a47d8677fdd","0xc0d94a48c6715f2a","0x40d8554b1bf4cc08"] expected="0x4140bf4c80000000" actual=error:Num
FUNC.DATE "date-heldout-DATE-01300" args=["0x41d2bf756252fb42","0xc0993c12cc8c7b80","0xc068ff518d066fb8"] expected="0x414631bc00000000" actual=error:Num
FUNC.DATE "date-heldout-DATE-01301" args=["0x75217eb72adfffb0","0xc0d39854967f266f","0x40b1ab5e4c3e4f30"] expected="0x4141f22900000000" actual=error:Num
FUNC.DATE "date-heldout-DATE-01305" args=["0x574694f6767f05f6","0xc02790d7f4cf4fd2","0x406a18c41af35f98"] expected="0x414691e280000000" actual=error:Num
FUNC.DATE "date-heldout-DATE-01312" args=["0x41be2c222eb1c290","0xc0c6458aae9b2382","0x40d27285bd7e8c00"] expected="0x4144112700000000" actual=0x4140957280000000
FUNC.DATE "date-heldout-DATE-01313" args=["0x7ef4684305fbb4e4","0xc0dea12e68aa1836","0x4051cc0a1e468e00"] expected="0x413e938c00000000" actual=error:Num
FUNC.DATE "date-heldout-DATE-01316" args=["0x41d55801e8fc905a","0x40c46ae8662ae45c","0x40bb8da09ef7fce0"] expected="error:Num" actual=0x411512d400000000
FUNC.DATE "date-heldout-DATE-01336" args=["0xc1d893b81293b35f","0x40b41e57f1bc45f0","0xc0d140276aab37a3"] expected="0x4142629480000000" actual=error:Num
FUNC.DATE "date-heldout-DATE-01345" args=["0x4d95c340017dc694","0xc0c099b8b18b365c","0x4064b7ca7d7e190c"] expected="0x4144993700000000" actual=error:Num
FUNC.DATE "date-heldout-DATE-01348" args=["0x41c8b88ab285bac0","0xc0a3562279c60728","0x40c0f9c8aa6de2d0"] expected="0x41460ffa00000000" actual=0x4132eadc00000000
FUNC.DATE "date-heldout-DATE-01349" args=["0x699325ee37289de3","0xc0d56f9d1019cec0","0xc0c65f14ea6d942e"] expected="0x414162e600000000" actual=error:Num
FUNC.DATE "date-heldout-DATE-01356" args=["0x41b694094b383890","0xbff95d43f4107ed0","0x4076ef0f6fd3f280"] expected="error:Num" actual=0x410563d000000000
FUNC.DATE "date-heldout-DATE-01369" args=["0x72f0d3ff0e685bad","0xc0d3fe1fef337a97","0xc0da96b60c095d3f"] expected="0x41419bf500000000" actual=error:Num
FUNC.DATE "date-heldout-DATE-01388" args=["0x41d24b5f05013a38","0xc0cd2e73bec424a6","0xc0bb77b444a1675c"] expected="0x41430c4280000000" actual=error:Num
FUNC.DATE "date-heldout-DATE-01389" args=["0x4687abca21bbda45","0xc02dc1cfa2f6343c","0xc0976391b811c9f0"] expected="0x41468e6080000000" actual=error:Num
FUNC.DATE "date-heldout-DATE-01409" args=["0x7292b6cc479d5dfb","0xc0a7e43363e73c40","0x40d9200ca746307e"] expected="0x41460e9880000000" actual=error:Num
FUNC.DATE "date-heldout-DATE-01424" args=["0x41cf92a914b09b88","0xc0d592cb77e0f3ce","0xc0d48904154fbb79"] expected="0x414147d100000000" actual=error:Num
FUNC.DATE "date-heldout-DATE-01429" args=["0x685c3d64a5dd3c7f","0xc0d505c819c0fa50","0xc0dfb35dc6933478"] expected="0x4141530380000000" actual=error:Num
FUNC.DATE "date-heldout-DATE-01432" args=["0x41cb9f4cf3c17624","0xc0ddef681a289bed","0xc0dec0be4f5e5070"] expected="0x413e6ccb00000000" actual=error:Num
FUNC.DATE "date-heldout-DATE-01441" args=["0x7e8cef92e63b925f","0xc0d536b9b9ebdb4f","0x40d847aa39a185e6"] expected="0x4141b76280000000" actual=error:Num
FUNC.DATE "date-heldout-DATE-01444" args=["0x41d948130099d4ca","0xc0c6f8040cb3627a","0xc0dff340a1fcd350"] expected="0x4143972200000000" actual=error:Num
FUNC.DATE "date-heldout-DATE-01448" args=["0x41af2c085ce6a310","0x40dc75e318858fdc","0xc0d08459bc0605b7"] expected="error:Num" actual=0x41214d1c00000000
FUNC.DATE "date-heldout-DATE-01453" args=["0x457afac13e13a635","0xc0cbd5e62f0eabdc","0x40d6b0c283c1d09e"] expected="0x4143705580000000" actual=error:Num
FUNC.DATE "date-heldout-DATE-01457" args=["0x7cfc95e98bd5dc6f","0xc0b7e7b1e359a8f8","0xc0db4b1ea13788ff"] expected="0x4144efca00000000" actual=error:Num
FUNC.DATE "date-heldout-DATE-01461" args=["0x654de2b6ed4ab2b2","0xc020dd4d856a3928","0xc0c4bc913b2fe110"] expected="0x41467cea80000000" actual=error:Num
FUNC.DATE "date-heldout-DATE-01465" args=["0x7d371279fbf70d27","0xc0c19d372da5cdf8","0x403adb9de7b2cbd0"] expected="0x41447a1700000000" actual=error:Num
FUNC.DATE "date-heldout-DATE-01468" args=["0x41a440e8fcde1df0","0xc0d1bf7860e1e9fe","0xc0db972fa8864652"] expected="0x4142229f00000000" actual=error:Num
FUNC.DATE "date-heldout-DATE-01480" args=["0xc1a38dd6f2915698","0x40c8ca73ae8cb8a8","0xc06086c9b2b6249f"] expected="0x4138959c00000000" actual=0x4141963280000000
FUNC.DATE "date-heldout-DATE-01489" args=["0x71e5112fadb16ad7","0xc0d06fc38a832756","0x40dd1506acaf2b2c"] expected="0x4142e3be80000000" actual=error:Num
FUNC.DATE "date-heldout-DATE-01492" args=["0x41df310167fb89bc","0xc0d42294ec88c9ae","0xc0b16e4ce090c89c"] expected="0x4141bfbd00000000" actual=error:Num
FUNC.DATE "date-heldout-DATE-01529" args=["0x51b8b1187f178442","0x40d9749bf42eab8e","0x40da4b21d085af82"] expected="error:Num" actual=0x40fed5e000000000
FUNC.DATE "date-heldout-DATE-01532" args=["0xc1aff9c80d86a750","0xc0c11706427b741c","0xc0d29b9c737e9bf4"] expected="0x4138f70700000000" actual=0x4141c6e780000000
FUNC.DATE "date-heldout-DATE-01545" args=["0x76eebd98daf8a773","0xbffffa144a272070","0xc052afc9bc56d120"] expected="0x414691ed00000000" actual=error:Num
FUNC.DATE "date-heldout-DATE-01576" args=["0x41b5a0b1bb2b2ba0","0xc0d2d4762d5ebfa5","0xc0c11d33ae6dddc0"] expected="0x414206d280000000" actual=error:Num
FUNC.DATE "date-heldout-DATE-01580" args=["0x41d3e61221fb9438","0xc0ab85a53c536640","0xc045474e1fdd9c98"] expected="0x4145c0ac80000000" actual=error:Num
FUNC.DATE "date-heldout-DATE-01588" args=["0x41d011e765a1ed14","0xc0b2606fe648d844","0xc0c2effde5f104fc"] expected="0x4145678e80000000" actual=error:Num
FUNC.DATE "date-heldout-DATE-01601" args=["0x694a11d41eb3f236","0xc0dd2edc6ede776b","0xc0db1a24f8d638aa"] expected="0x413ed6f100000000" actual=error:Num
FUNC.DATE "date-heldout-DATE-01624" args=["0x41c1650b38fbbd28","0x40c7c22aac1cc408","0x40d4213c8b17a252"] expected="error:Num" actual=0x413b646500000000
FUNC.DATE "date-heldout-DATE-01625" args=["0x74ddbe09c2fb43da","0xc0d62f17eee05658","0xc0711c72b6a4ccbe"] expected="0x41414b3300000000" actual=error:Num
FUNC.DATE "date-heldout-DATE-01628" args=["0xc1d533fbb6e24e48","0x40930c72fcf6e060","0xc0dad23ab7a1ed02"] expected="0x412c067600000000" actual=0x41389a0300000000
FUNC.DATE "date-heldout-DATE-01640" args=["0x41cbe9ad3bd6fde0","0xc0c5cac2bd4b1724","0xc0765085411910d9"] expected="0x4143fa2f80000000" actual=error:Num
FUNC.DATE "date-heldout-DATE-01641" args=["0x4484eef5df51d807","0xc0219656d2888b44","0xc0c69e364db4c182"] expected="0x41467b0900000000" actual=error:Num
FUNC.DATE "date-heldout-DATE-01644" args=["0xc1bf0fe3e655cab0","0x4020cfb8cb66d780","0x40d8919d8a6f0cd2"] expected="0x413de2c800000000" actual=0x41443cc880000000
FUNC.DATE "date-heldout-DATE-01649" args=["0x7693ec27a0c0d3c0","0x40df1dace6cf7960","0xc0d84413d8e1c3da"] expected="error:Num" actual=0x410ea1e800000000
FUNC.DATE "date-heldout-DATE-01657" args=["0x42c67b104be5887a","0xc0b0d2429cd2c290","0x40ca8f6454dc97f4"] expected="0x4145acb700000000" actual=error:Num
FUNC.DATE "date-heldout-DATE-01661" args=["0x57d287087d5a7cde","0xc07dbd6d1faf0cc0","0xc0cbd3be17f178b2"] expected="0x41465a1100000000" actual=error:Num
FUNC.DATE "date-heldout-DATE-01676" args=["0x41d7e27ecec2fb48","0xc0d68363adbe3ed8","0x40ae3294667a6310"] expected="0x41413f4000000000" actual=error:Num
FUNC.DATE "date-heldout-DATE-01688" args=["0xc1c5a47b5a23b208","0x40c0759a6d333d28","0x40d46471cbaed636"] expected="0x411b9b1400000000" actual=0x41317d8e00000000
FUNC.DATE "date-heldout-DATE-01712" args=["0x41d2b8bf25f87860","0xc0c14b8cd1b7f10c","0xc0c38f1838a254c6"] expected="0x4144702b80000000" actual=error:Num
FUNC.DATE "date-heldout-DATE-01717" args=["0x56b1d065af3b258d","0xc0d3523e67bad862","0x40d7a6d0ae02b544"] expected="0x4142295500000000" actual=error:Num
FUNC.DATE "date-heldout-DATE-01740" args=["0xc1d84cfe0dcca60c","0x4020c5272ff40f94","0xc071af72ce3e06e6"] expected="0x40e05fa000000000" actual=0x4126338c00000000
FUNC.DATE "date-heldout-DATE-01741" args=["0x536542ddfce4fee0","0xc0d128016a4074e6","0xc0c8ba403177a29c"] expected="0x4142650a00000000" actual=error:Num
FUNC.DATE "date-heldout-DATE-01756" args=["0x41d2adc8055e61e2","0x40d06967879d3632","0x40d20d9208c4eba8"] expected="error:Num" actual=0x4145a28580000000
FUNC.DATE "date-heldout-DATE-01772" args=["0x41dcf68fde9e01c4","0xc0d6121e8da262d8","0x40d235e485a219fe"] expected="0x4141770c80000000" actual=error:Num
FUNC.DATE "date-heldout-DATE-01780" args=["0x41c7c822115cdf84","0xc08aacf63ede9440","0xc00fd09ed5d97700"] expected="0x41465f6a80000000" actual=error:Num
FUNC.DATE "date-heldout-DATE-01805" args=["0x58308456cc9a73b0","0xc0df1d7db2dbd6c0","0x4074e1c46f1cd2e0"] expected="0x413e597d00000000" actual=error:Num
FUNC.DATE "date-heldout-DATE-01816" args=["0x41cda2bed95df920","0xc0de4b855f827e65","0x40b660ab75b32f60"] expected="0x413ed24f00000000" actual=error:Num
FUNC.DATE "date-heldout-DATE-01825" args=["0x74124b1aa2b57421","0x40d7103fa1824ef4","0xc06ed4e37d33a320"] expected="error:Num" actual=0x40d7fbc000000000
FUNC.DATE "date-heldout-DATE-01837" args=["0x60bcc419a1599f53","0xc0df8604817a6fc8","0xc07b1e4fd2302b40"] expected="0x413e24ac00000000" actual=error:Num
FUNC.DATE "date-heldout-DATE-01841" args=["0x7222487820a8235e","0xc0c443173d38c12c","0xc0d16dc68bdee04b"] expected="0x4144069100000000" actual=error:Num
FUNC.DATE "date-heldout-DATE-01849" args=["0x4f78edb2b3955dd7","0xc0d39e1635ec2ec6","0x40d125fe25c4c324"] expected="0x41420a4180000000" actual=error:Num
FUNC.DATE "date-heldout-DATE-01868" args=["0x41ce5f07849b68f4","0xc0ceefd8431824f2","0xc061a502409d6c80"] expected="0x4142e44600000000" actual=0x410c05f000000000
FUNC.DATE "date-heldout-DATE-01873" args=["0x55f01f5f56b0a5d2","0xc0dd5c613ad777c8","0x40d4c2146ad685d0"] expected="0x413f80bf00000000" actual=error:Num
FUNC.DATE "date-heldout-DATE-01876" args=["0x41d0db0a52dd4418","0xc0d2bad6133ac6a2","0xc0d3e74e7c39636c"] expected="0x4141f63080000000" actual=0x41438d8580000000
FUNC.DATE "date-heldout-DATE-01889" args=["0x49429d3a077600b9","0xc0dbae8615f5a54e","0x40bf2e7b168f52b0"] expected="0x41400ca380000000" actual=error:Num
FUNC.DATE "date-heldout-DATE-01896" args=["0x41c9a872ada018ec","0xc0148e56261f7fac","0xc0cc0e301d7894e2"] expected="0x414675c700000000" actual=error:Num
FUNC.DATE "date-heldout-DATE-01901" args=["0x628eac4d4fd30f18","0xc0d2fe57cd6ee920","0x40d9235495fc50c8"] expected="0x4142403980000000" actual=error:Num
FUNC.DATE "date-heldout-DATE-01904" args=["0x41bcf52f63c8ff18","0xc0de9bb0feacd982","0xc091d0906f640830"] expected="0x413e916f00000000" actual=0x414538e500000000
FUNC.DATE "date-heldout-DATE-01912" args=["0x41a273e8611b18f0","0xc0bb0ff12a96756c","0xc0d061425b3bbe8d"] expected="0x4144d59480000000" actual=error:Num
FUNC.DATE "date-heldout-DATE-01916" args=["0x41b50d9ba63c4190","0xc0cdf54a0d2682be","0x40db2d6acbe7f63e"] expected="0x414338b000000000" actual=error:Num
FUNC.DATE "date-heldout-DATE-01921" args=["0x7409db8b3d756baa","0xc09a8b24d1e4e2d0","0xc0d7ba0cf1527dec"] expected="0x4145fdbc00000000" actual=error:Num
FUNC.DATE "date-heldout-DATE-01932" args=["0x41d5ca869a7bca5a","0xc0248152fff6e131","0x40d61bc4bd874f4c"] expected="error:Num" actual=0x413b6e5600000000
FUNC.DATE "date-heldout-DATE-01936" args=["0xc11bc293e67f9000","0x40d65d87fee4259e","0xc0d585228866d44c"] expected="0x41359e6500000000" actual=0x41401a9700000000
FUNC.DATE "date-heldout-DATE-01940" args=["0xc1d7b3787a3b6e97","0x40c03c8b505e4988","0xc067502f02ad01f4"] expected="0x4142196980000000" actual=error:Num
FUNC.DATE "date-heldout-DATE-01949" args=["0x66270d0a99c03ca8","0xc0d1c2872cb31012","0xc0cdbdaca81f1220"] expected="0x41423b4980000000" actual=error:Num
FUNC.DATE "date-heldout-DATE-01952" args=["0x41d07d37483e45b4","0xc09274c15edac890","0x40cd014dc4fb9e18"] expected="0x414668ed80000000" actual=error:Num
FUNC.DATE "date-heldout-DATE-01969" args=["0x43f3fb54e2f4891b","0xc0da05b1435eec66","0xc0cd43c542876034"] expected="0x414044d700000000" actual=error:Num
FUNC.DATE "date-heldout-DATE-01972" args=["0x41c9e0e861ef07f4","0xc0c9c8b1cfaa8220","0xc0d162931d4250bc"] expected="0x41435e9a00000000" actual=error:Num
FUNC.DATE "date-heldout-DATE-01976" args=["0x41ae24c386a63480","0xc0d3e3a629d40c76","0x40b686eb992c1668"] expected="0x4141e2b200000000" actual=error:Num
FUNC.DATE "date-heldout-DATE-01989" args=["0x48f891a5a5b8c0db","0x3f6b792bfee04000","0xc0d8ba542533188e"] expected="0x414660bc00000000" actual=error:Num
FUNC.DATE "date-heldout-DATE-01996" args=["0x41a8672fc5c77b00","0xc0d2db75fe92f6a8","0xc0dbe87f978eecc5"] expected="0x4141de7400000000" actual=error:Num
FUNC.DATE "date-heldout-DATE-01997" args=["0x7b0d171b6b32cb66","0xc0d2d0878c3e3baa","0x40da4d25753b69b2"] expected="0x41424d6d00000000" actual=error:Num
FUNC.DATE "date-heldout-DATE-02001" args=["0x56ff8f3e4e9d00ab","0xc00a3af9da092428","0xc0de04671e6a2819"] expected="0x414655eb00000000" actual=error:Num
FUNC.DATE "date-heldout-DATE-02005" args=["0x4dbff143f29311d5","0xc0c0c2c2316e9ee8","0x405e95fab0e90d94"] expected="0x4144944200000000" actual=error:Num
FUNC.DATE "date-heldout-DATE-02009" args=["0x7331f04e36e9cc05","0xc0c5052024ee7066","0x40d9386509b88452"] expected="0x414444cd80000000" actual=error:Num
FUNC.DATE "date-heldout-DATE-02020" args=["0x41ce68fc13637a04","0xc0c7c84206c82a60","0xc0683c16d5c3d0cd"] expected="0x4143bded00000000" actual=error:Num
FUNC.DATE "date-heldout-DATE-02024" args=["0x41a0af628f384fa0","0xc0da8aa122e0eec9","0x40a6ac77dcb083d0"] expected="0x4140482680000000" actual=error:Num
FUNC.DATE "date-heldout-DATE-02025" args=["0x5c8d2831093dc80e","0xc038d4930e7ae841","0xc04feb60aaf5dc00"] expected="0x4146909500000000" actual=error:Num
FUNC.DATE "date-heldout-DATE-02037" args=["0x4477764f13b728a2","0xbfe078c099c05d60","0xc0a57494dabe4e88"] expected="0x41468cc480000000" actual=error:Num
FUNC.DATE "date-heldout-DATE-02040" args=["0x41c269b20f8a9058","0xc02df8a972a2b0ec","0x40757853bcddef84"] expected="0x414691f880000000" actual=error:Num
FUNC.DATE "date-heldout-DATE-02044" args=["0xc1c2d3ee02e14eda","0xc0adf0d0bf7709a8","0x40da4f87c0d25490"] expected="0x4143af6500000000" actual=error:Num
FUNC.DATE "date-heldout-DATE-02048" args=["0x41b669c4a61f0138","0xc0d7efd4afde0064","0xc0cb257ca926d85e"] expected="0x4140c5e100000000" actual=error:Num
FUNC.DATE "date-heldout-DATE-02053" args=["0x740905c0d9d772d2","0xc0c7d7014287430a","0x40b5827a4e04dab8"] expected="0x4143c74700000000" actual=error:Num
FUNC.DATE "date-heldout-DATE-02069" args=["0x6da08afa1c5cfd4c","0xc0ded72be0cc2112","0x40a654843add9ed0"] expected="0x413e84c100000000" actual=error:Num
FUNC.DATE "date-heldout-DATE-02085" args=["0x6bb347d38f680be1","0xc02e65dbaa77ad1c","0xbff14e3ca6d71e00"] expected="0x4146913c80000000" actual=error:Num
FUNC.DATE "date-heldout-DATE-02108" args=["0xc1ceb17a29f46260","0x40dbcf888f231d30","0x40d7e9cfe5200578"] expected="0x4133a9b000000000" actual=0x413e407900000000
FUNC.DATE "date-heldout-DATE-02109" args=["0x569c3f372160fe5d","0xc00e914af2c54f60","0xc0a862675f196cf0"] expected="0x41468bdb00000000" actual=error:Num
FUNC.DATE "date-heldout-DATE-02116" args=["0xc1c83efa21983522","0xc0b68afe09a94d58","0x40d3d1d4134751fa"] expected="0x410e411000000000" actual=0x412cbdd600000000
FUNC.DATE "date-heldout-DATE-02117" args=["0x49e33a04f6f38642","0x40dfe25ce291e114","0x40d01506ba150736"] expected="error:Num" actual=0x41134ccc00000000
FUNC.DATE "date-heldout-DATE-02132" args=["0x41a67d8b76ad5610","0xc0d0ece79828519a","0xc09e741387e52f70"] expected="0x4142880c00000000" actual=error:Num
FUNC.DATE "date-heldout-DATE-02133" args=["0x5075ee3f3779c721","0xc007223b94f37720","0xc0daf9a0e87c8e36"] expected="0x41465c1000000000" actual=error:Num
FUNC.DATE "date-heldout-DATE-02136" args=["0x41bbe8f8efe0e8c0","0xc036c43e12d812a4","0xc05ad8d3d8e46100"] expected="0x4146909d80000000" actual=error:Num
FUNC.DATE "date-heldout-DATE-02140" args=["0x41d5682a4b9c82aa","0xc0c61277c4e246c8","0x40619c0bbbb33322"] expected="0x4143f2a700000000" actual=error:Num
FUNC.DATE "date-heldout-DATE-02156" args=["0x417d6f9b2cdd4c80","0xc0d789e06f9ea41c","0xc0cacb363334daf2"] expected="0x4140de7c00000000" actual=error:Num
FUNC.DATE "date-heldout-DATE-02168" args=["0x4183c5041e23e500","0xc0dff52555a97aa5","0x40c9c8355236d6a8"] expected="0x413e252500000000" actual=error:Num
FUNC.DATE "date-heldout-DATE-02173" args=["0x7464566a456a9a89","0xc0da8b1fd2e21758","0x40bc576838c8ad80"] expected="0x4140508880000000" actual=error:Num
FUNC.DATE "date-heldout-DATE-02176" args=["0x41de66d941cb3468","0xc0b0476236bf3958","0xc0d9500ed12c16a4"] expected="0x414567ca80000000" actual=error:Num
FUNC.DATE "date-heldout-DATE-02184" args=["0x41d200ccbf27a7f2","0xc020a2cecea4e226","0xc0dd5df3aa160f2b"] expected="0x414656eb80000000" actual=error:Num
FUNC.DATE "date-heldout-DATE-02197" args=["0x53582bedb8ca37bb","0xc0aaafb34b8a68f0","0x40d83650ddd28cc0"] expected="0x4145f78b00000000" actual=error:Num
FUNC.DATE "date-heldout-DATE-02201" args=["0x6d1cb191cc43899a","0xc0d461f78eb68574","0xc0c7456079ea7254"] expected="0x4141a22480000000" actual=error:Num
FUNC.DATE "date-heldout-DATE-02204" args=["0x41d0eb1fb7af1542","0xc0ddaf506bb0f56e","0x40c59e794b6d7688"] expected="0x413f317a00000000" actual=error:Num
FUNC.DATE "date-heldout-DATE-02212" args=["0x41d2f14788bbbe5c","0x40b0f0d5492cd680","0xc0df80dee0903e75"] expected="error:Num" actual=0x4140f63200000000
FUNC.DATE "date-heldout-DATE-02216" args=["0x41cf901101eadfa0","0xc0ac0f4df8a9bb08","0xc0d108bf8defa7f6"] expected="0x41459a9700000000" actual=0x4142003580000000
FUNC.DATE "date-heldout-DATE-02236" args=["0x41de55409e1c9c40","0xc0b3fc1462074050","0x40ca147c29d5f980"] expected="0x41457c1400000000" actual=error:Num
FUNC.DATE "date-heldout-DATE-02237" args=["0x692569098ce9e295","0xc0bdc26075fec4a4","0x40d6983d2bb04012"] expected="0x4144fa7480000000" actual=error:Num
FUNC.DATE "date-heldout-DATE-02245" args=["0x546ea8e9b179b0c1","0xc0dd4e77f63b6048","0xc0739b098ca934db"] expected="0x413f332700000000" actual=error:Num
FUNC.DATE "date-heldout-DATE-02252" args=["0x41d0f2c78758b024","0xc0c2f55fa0fdf606","0xc0b05a9a1f8dbeac"] expected="0x414448f680000000" actual=0x413bcd4b00000000
FUNC.DATE "date-heldout-DATE-02260" args=["0x41b85e8a0cca41a0","0xc0cd46b9570d8802","0xc0738e7ec1266598"] expected="0x4143167800000000" actual=error:Num
FUNC.DATE "date-heldout-DATE-02261" args=["0x66c25ca8d9459f79","0x40d901441d703d50","0xc0de7164bbb579c4"] expected="error:Num" actual=0x40ea738000000000
FUNC.DATE "date-heldout-DATE-02269" args=["0x5085f07ee74585fc","0xc0bfe490826ee2c4","0xc0ce1e7189bba1e4"] expected="0x41448eaf80000000" actual=error:Num
FUNC.DATE "date-heldout-DATE-02280" args=["0x41ce7aad7645be94","0xc0284bee95a57c95","0xc049bba9f56171d8"] expected="0x4146915180000000" actual=error:Num
FUNC.DATE "date-heldout-DATE-02285" args=["0x757179b385e468df","0xc0cf00ee0b98873c","0x406c1e357832c4e8"] expected="0x4142e2f880000000" actual=error:Num
FUNC.DATE "date-heldout-DATE-02288" args=["0x41c7bf50c32549c4","0xc0ce07fe460d914c","0x40ba165b4cdedae0"] expected="0x41430d2d00000000" actual=error:Num
FUNC.DATE "date-heldout-DATE-02296" args=["0xc1dfb0bc93ada074","0x40d30a5c420181a4","0xc0bddf9eea1a18a4"] expected="0x4131e1fc00000000" actual=0x413c78c500000000
FUNC.DATE "date-heldout-DATE-02297" args=["0x45cacd3fb96dbdd1","0xc0d993d4df9ccefd","0x4093a88e4dd4bf20"] expected="0x41407f9c80000000" actual=error:Num
FUNC.DATE "date-heldout-DATE-02300" args=["0xc1d484bc7c73021d","0xc07b36ac4c2c4a40","0x407259569df96060"] expected="0x4122878c00000000" actual=0x4133da8f00000000
FUNC.DATE "date-heldout-DATE-02305" args=["0x539992dc0cc87098","0x40df1fa94bdc3b00","0xc0649b82388929ab"] expected="error:Num" actual=0x4110d66c00000000
FUNC.DATE "date-heldout-DATE-02328" args=["0x414bd4de3e922400","0xc028ac9d0ae7572a","0xc0de742cad758fab"] expected="0x4146548300000000" actual=error:Num
FUNC.DATE "date-heldout-DATE-02353" args=["0x464750360017609d","0xc0bd359c2bc192cc","0x40ce9997218c5234"] expected="0x4144f43f80000000" actual=error:Num
FUNC.DATE "date-heldout-DATE-02356" args=["0x41d176cd8af683b2","0xc0aad5be5335b558","0xc0d04281febfb7f7"] expected="0x4145a57880000000" actual=error:Num
FUNC.DATE "date-heldout-DATE-02365" args=["0x586a33d4c6ba6496","0xc0c195e0a17862f2","0x406177c9a663e460"] expected="0x41447b3400000000" actual=error:Num
FUNC.DATE "date-heldout-DATE-02369" args=["0x54a46c36d58ded1e","0xc0d9c59d307422ee","0xc0d07219b6f7a5d3"] expected="0x4140506f00000000" actual=error:Num
FUNC.DATE "date-heldout-DATE-02381" args=["0x5e90873c19405251","0xc0dd701762768e58","0x40b4d88816e58730"] expected="0x413f392b00000000" actual=error:Num
FUNC.DATE "date-heldout-DATE-02388" args=["0x41bcac15a29726c0","0x403217c87139cf7c","0xc0d44651bcc0233c"] expected="error:Num" actual=0x4133f75b00000000
FUNC.DATE "date-heldout-DATE-02389" args=["0x54618d7629736d8e","0xc0c085b6336b61d4","0x40d62a932b63e0a0"] expected="0x4144c79a80000000" actual=error:Num
FUNC.DATE "date-heldout-DATE-02392" args=["0x41b946a639e133d8","0xc0bf06c7dd3eadbc","0x40c891134db128d8"] expected="0x4144d29280000000" actual=error:Num
FUNC.DATE "date-heldout-DATE-02396" args=["0x41b48a1bf3eb92e0","0xc0c5c99e455d2f08","0x40d49c4f554aa8cc"] expected="0x4144243880000000" actual=0x41386d6600000000
FUNC.DATE "date-heldout-DATE-02400" args=["0xc1baf5f5e2a0cb84","0xc01074be122f1568","0x407265cb03487116"] expected="0x410ebba000000000" actual=0x412cdc7a00000000
FUNC.DATE "date-heldout-DATE-02429" args=["0x49a2c85896c5a9d6","0xc0c135c14d48d458","0x40784602d6db8100"] expected="0x4144871a80000000" actual=error:Num
FUNC.DATE "date-heldout-DATE-02464" args=["0x41ddfa2bde51e23c","0xc0d384ac226a0b54","0x40dea014879bf702"] expected="0x41422b4580000000" actual=error:Num
FUNC.DATE "date-heldout-DATE-02472" args=["0x41d0806702c261dc","0xbffffade85e918c0","0xc0b3a3370342775c"] expected="0x4146884080000000" actual=error:Num
FUNC.DATE "date-heldout-DATE-02485" args=["0x6e09dfd8886270a7","0xc0cef4a6b0163f76","0x40755a5133fe4208"] expected="0x4142e4a000000000" actual=error:Num
FUNC.DATE "date-heldout-DATE-02488" args=["0xc1be51d97439f52c","0xc0b4be8de3535194","0x40ddee0a69404072"] expected="0x4145337300000000" actual=error:Num
FUNC.DATE "date-heldout-DATE-02489" args=["0x770a7ecd83c095d5","0xc0c2af0cfe92a30c","0xc0db835d698de4ad"] expected="0x4144226f80000000" actual=error:Num
FUNC.DATE "date-heldout-DATE-02492" args=["0x41d109127ee0a2ea","0xc0d198f3fbfdd913","0xc0da15bafae710af"] expected="0x41422ec980000000" actual=error:Num
FUNC.DATE "date-heldout-DATE-02493" args=["0x48aa22d71ab77d2d","0xc02f5af9b724f7ca","0xc0d6e4b4e65b8d90"] expected="0x4146637400000000" actual=error:Num
FUNC.DATE "date-heldout-DATE-02500" args=["0x41c61f71a0860d90","0xc0c16575755ab874","0xc063fa0ea11109ec"] expected="0x4144806300000000" actual=error:Num
FUNC.DATE "date-heldout-DATE-02501" args=["0x4215196db056a7a9","0xc0d63c347578ffe9","0xc0d60c88237a1fa3"] expected="0x41411c8a80000000" actual=error:Num
FUNC.DATE "date-heldout-DATE-02504" args=["0x41d09fda1e115d48","0xc0d7f3c17bb4779c","0x40af8a5f7e95bdc0"] expected="0x4140e7f580000000" actual=error:Num
FUNC.DATE "date-heldout-DATE-02508" args=["0x41df0a4227c4c1c4","0x400d493848364020","0xc070d0c65c0dc280"] expected="error:Num" actual=0x40fb52f000000000
FUNC.DATE "date-heldout-DATE-02513" args=["0x551752279c1b0f0a","0xc0c58f02f9d1f59a","0x40d41c60f0f3e08c"] expected="0x41442a2d80000000" actual=error:Num
FUNC.DATE "date-heldout-DATE-02517" args=["0x4f1fbc9c6f53f00d","0xc02c3c9d6b4db576","0xc0c62d1e1ca09146"] expected="0x41467b1f80000000" actual=error:Num
FUNC.DATE "date-heldout-DATE-02520" args=["0x4194385d84a6a1a0","0xc033f9ff907de566","0x4075435cf5589926"] expected="0x414691aa80000000" actual=0x4136c30400000000
FUNC.DATE "date-heldout-DATE-02524" args=["0xc1c22eec7dafb3f0","0xc0cfc04dacc0111a","0xc0c2977f6b90cb7a"] expected="0x4142b09b80000000" actual=error:Num
FUNC.DATE "date-heldout-DATE-02528" args=["0x41c93be15061c5e8","0xc0d2d28005decd98","0xc0c23aad33ac2972"] expected="0x4142061f00000000" actual=error:Num
FUNC.DATE "date-heldout-DATE-02532" args=["0x41d5724777de0eec","0xc02faf8fae109b92","0x40d459544d8a6f34"] expected="error:Num" actual=0x41402b6480000000
FUNC.DATE "date-heldout-DATE-02560" args=["0x41b646e4b4e7fe90","0xc0d40c6afe099299","0x4011a1f63c9153c0"] expected="0x4141cdc180000000" actual=error:Num
FUNC.DATE "date-heldout-DATE-02564" args=["0x41d01808f0f161b0","0x40a611d1a3356410","0xc0d33d58be553cda"] expected="error:Num" actual=0x4144b8cc00000000
FUNC.DATE "date-heldout-DATE-02569" args=["0x575062755cd89684","0xc0dc1ab25ecabaea","0x40cb87aff8c688b8"] expected="0x413ffdcb00000000" actual=error:Num
FUNC.DATE "date-heldout-DATE-02572" args=["0x41cee6b87d87a864","0xc0b88cb806f5c358","0xc0b738feeecaf118"] expected="0x414510f480000000" actual=error:Num
FUNC.DATE "date-heldout-DATE-02573" args=["0x7a323994d707316b","0xc0a61f3ca4f119d8","0xc0dfd47c8d8059ce"] expected="0x4145aa2d80000000" actual=error:Num
FUNC.DATE "date-heldout-DATE-02580" args=["0x41d4808ac2a20826","0xc03229430608dae0","0x403146fcf69ef180"] expected="0x4146911800000000" actual=error:Num
FUNC.DATE "date-heldout-DATE-02584" args=["0x41d8f40272919fdc","0x40b0a4756a1c3750","0xc0ca080a738f6636"] expected="error:Num" actual=0x41149ba000000000
FUNC.DATE "date-heldout-DATE-02600" args=["0x41bd9f1115a612e0","0xc088979565900c80","0x40659bf0779bba24"] expected="0x414663bd80000000" actual=0x412ad68e00000000
FUNC.DATE "date-heldout-DATE-02605" args=["0x76cf00acd789ecf7","0xc0dca2f1e29563d8","0xc05b5065b7c05c04"] expected="0x413f858100000000" actual=error:Num
FUNC.DATE "date-heldout-DATE-02609" args=["0x75a1a3bfcaabfe18","0x40df1cc0017fb824","0xc0bd44a9903e1a18"] expected="error:Num" actual=0x41105eb400000000
FUNC.DATE "date-heldout-DATE-02617" args=["0x627be629342b7b5a","0xc085b721cb74b0c0","0xc0d358de59e51ecf"] expected="0x4146422e80000000" actual=error:Num
FUNC.DATE "date-heldout-DATE-02620" args=["0x41a45dd79f580270","0xc0dc509c70262877","0x4024f3faaa193920"] expected="0x413fad1700000000" actual=error:Num
FUNC.DATE "date-heldout-DATE-02621" args=["0x59f83eef422590a7","0xc0a265adf12e84f0","0x40dc68847586ce5c"] expected="0x41463f0280000000" actual=error:Num
FUNC.DATE "date-heldout-DATE-02633" args=["0x73aa7498c1c41058","0xc0d6488026a327de","0x40bd0e58bc891f20"] expected="0x4141543280000000" actual=error:Num
FUNC.DATE "date-heldout-DATE-02636" args=["0xc1ccd66efc484f74","0xc0d674900c012aaa","0x40d8efa210175de8"] expected="0x413bab1b00000000" actual=0x414320f200000000
FUNC.DATE "date-heldout-DATE-02640" args=["0x41c6a1b3bec80154","0xc02fec72b352ca6d","0x4074c0dbef61e24c"] expected="0x414691e380000000" actual=error:Num
FUNC.DATE "date-heldout-DATE-02657" args=["0x7f3db58258f53cb0","0xc0df618e9689a035","0x40ddcf6c92f5b7c0"] expected="0x413eaef700000000" actual=error:Num
FUNC.DATE "date-heldout-DATE-02660" args=["0x41ab263ae6a75bf0","0xc0d4f517ceb7a582","0x4065617b62325ae8"] expected="0x414196bb00000000" actual=0x4135764900000000
FUNC.DATE "date-heldout-DATE-02664" args=["0x41c7a30a190c614c","0x4031c244d1e4e04c","0xc0c17498af93b368"] expected="error:Num" actual=0x4132186300000000
FUNC.DATE "date-heldout-DATE-02665" args=["0x53bb9ee96f49c154","0xc0cc8d3a362c3914","0x406c4db02393c5c4"] expected="0x41432d9400000000" actual=error:Num
FUNC.DATE "date-heldout-DATE-02672" args=["0x41d8859e040c7ab8","0xc0c451b33c85abdc","0x40a8d1c7c745b1e0"] expected="0x41442de880000000" actual=error:Num
FUNC.DATE "date-heldout-DATE-02684" args=["0xc1c451f3e2342e94","0xc0d3602a2f798466","0xc0cb81a2f03ff224"] expected="0x412d1a3400000000" actual=0x413923e300000000
FUNC.DATE "date-heldout-DATE-02688" args=["0xc1d907fb4f45f47b","0x40238eda1728ceb4","0x40c26953e1248bfc"] expected="0x4130522400000000" actual=0x413ae8ec00000000
FUNC.DATE "date-heldout-DATE-02692" args=["0x41b03291ba91c790","0xc0d7ef0f88a4935c","0xc0d04ee70040d0d0"] expected="0x4140c09600000000" actual=error:Num
FUNC.DATE "date-heldout-DATE-02704" args=["0x41d81b1b9a767eb4","0xc0dd96980c1f527c","0xc0aac72931999340"] expected="0x413f04a000000000" actual=error:Num
FUNC.DATE "date-heldout-DATE-02705" args=["0x61b9ca3552b732d0","0xc0ca3946b0eee934","0xc072ca9b30b92429"] expected="0x4143736980000000" actual=error:Num
FUNC.DATE "date-heldout-DATE-02720" args=["0x41d1dea31a4c19dc","0xc0a16d1f77873010","0xc0538ef1a20a2d88"] expected="0x41460d6980000000" actual=error:Num
FUNC.DATE "date-heldout-DATE-02737" args=["0x635b8f2bb25732ee","0x40d808ceb3fe7700","0x40d53a8ac5ee7d5e"] expected="error:Num" actual=0x40f2c1e000000000
FUNC.DATE "date-heldout-DATE-02748" args=["0xc19fe3a10f10a000","0x40366ed908c14ece","0xc0daaafe3ffcb838"] expected="0x4136ddd900000000" actual=0x4140ba5080000000
FUNC.DATE "date-heldout-DATE-02752" args=["0x41da83eb37079b56","0xc0d3cbc71f05b624","0x40c7740315e71054"] expected="0x4141f48880000000" actual=error:Num
FUNC.DATE "date-heldout-DATE-02753" args=["0x7a03785975837a43","0xc0c735f46863c926","0xc0ce7d83c53e2e84"] expected="0x4143b13b00000000" actual=error:Num
FUNC.DATE "date-heldout-DATE-02756" args=["0x418e40565bc5fac0","0xc0d457087313f82b","0xc0d17d87bebee27b"] expected="0x414198fc80000000" actual=error:Num
FUNC.DATE "date-heldout-DATE-02760" args=["0x41dd3331d3830b4e","0xc02a36ae7f51897a","0xc070d724c0d28ee4"] expected="0x414690d500000000" actual=error:Num
FUNC.DATE "date-heldout-DATE-02761" args=["0x7201104f389da6a4","0xc0d0a2ac5b24428a","0x40642ee2eb17c500"] expected="0x41429dd380000000" actual=error:Num
FUNC.DATE "date-heldout-DATE-02780" args=["0x41d765e2c466e2bc","0xc0d927ebed1789fa","0xc0752a02592a7a7d"] expected="0x4140962c80000000" actual=error:Num
FUNC.DATE "date-heldout-DATE-02781" args=["0x62d04e47d9e1c400","0xc0314538ea235bc2","0xc0d574df8c6f4220"] expected="0x4146663500000000" actual=error:Num
FUNC.DATE "date-heldout-DATE-02801" args=["0x70650276bfab38a7","0xc0cb7eec83622cf0","0xc0bdfdb7c0c2c410"] expected="0x41433e4d00000000" actual=error:Num
FUNC.DATE "date-heldout-DATE-02816" args=["0x41c55c729d85c1cc","0xc0c1b0b669f6b390","0xc0d5a4e3b18ec4eb"] expected="0x41444c6f80000000" actual=error:Num
FUNC.DATE "date-heldout-DATE-02825" args=["0x49fc5840a7b75dcd","0xc0c43659c35b78c0","0xc066b47944aeedac"] expected="0x41442a9e00000000" actual=error:Num
FUNC.DATE "date-heldout-DATE-02829" args=["0x5de14cf4ec6aab4e","0x3fec07a4539b96c0","0xc0cd3f78a451dccc"] expected="0x414674f180000000" actual=error:Num
FUNC.DATE "date-heldout-DATE-02840" args=["0x41d54f9937db4010","0xc0cf1f1778a09ac6","0xc065fc0d7b3824fe"] expected="0x4142de8f80000000" actual=error:Num
FUNC.DATE "date-heldout-DATE-02848" args=["0x41d268de87cad3f2","0xc0db70176dc20ca8","0x40d2f6307b126cba"] expected="0x414031d480000000" actual=error:Num
FUNC.DATE "date-heldout-DATE-02872" args=["0x41aca7aefed8dab0","0xc0ccc90ccc453fae","0xc0d3b419332685d6"] expected="0x4142fe9800000000" actual=error:Num
FUNC.DATE "date-heldout-DATE-02876" args=["0xc1aa23f0f315ee28","0x40d7d2890d5e25bc","0x40a72854941666d0"] expected="0x412709b600000000" actual=0x41361ba400000000
FUNC.DATE "date-heldout-DATE-02884" args=["0x41d2c921830063f2","0xc0cc4d2de9de1b62","0xc0b81283181c22f0"] expected="0x414328b500000000" actual=error:Num
FUNC.DATE "date-heldout-DATE-02885" args=["0x41a651f457485570","0xc0d2838a9643b430","0xc05f65956620f058"] expected="0x41422ae400000000" actual=error:Num
FUNC.DATE "date-heldout-DATE-02889" args=["0x766278a0e18d501b","0xc031fdf50abe2302","0xc093b2bfb8bc0ff0"] expected="0x41468ea880000000" actual=error:Num
FUNC.DATE "date-heldout-DATE-02893" args=["0x7621f4a83708f01e","0xc0cd29882192e936","0x40c0668f102181d4"] expected="0x41432aed80000000" actual=error:Num
FUNC.DATE "date-heldout-DATE-02900" args=["0x41a3e03d69d35ff0","0x40a2a3d780e6e280","0x4031175a797ad8f0"] expected="error:Num" actual=0x4141296880000000
FUNC.DATE "date-heldout-DATE-02920" args=["0x41d302edc5be893e","0xc0dd38698372d4b6","0xc06115fb7b7d5aa4"] expected="0x413f3e4c00000000" actual=error:Num
FUNC.DATE "date-heldout-DATE-02921" args=["0x5b122f4e34d8dc8f","0xc0cba8f13990abb6","0x40c79f298d110eb8"] expected="0x41435fec80000000" actual=error:Num
FUNC.DATE "date-heldout-DATE-02925" args=["0x498368140392a710","0xc02dda91f3df3161","0x405abe106e4b4750"] expected="0x4146918200000000" actual=error:Num
FUNC.DATE "date-heldout-DATE-02932" args=["0x41c9a93b59481bec","0xc0ceef9b7ab4a0d2","0xc0d871a5b09aaedc"] expected="0x4142b3a980000000" actual=error:Num
FUNC.DATE "date-heldout-DATE-02933" args=["0x7f58a0fac377c140","0x40d877f5ecb47b1c","0xc0d3d2281562d00a"] expected="error:Num" actual=0x40e796a000000000
FUNC.DATE "date-heldout-DATE-02944" args=["0x41dc15e07b2ae944","0xc0c5aad94c11c44a","0x40d3f28fe644a508"] expected="0x4144269480000000" actual=error:Num
FUNC.DATE "date-heldout-DATE-02948" args=["0x41c785609a8fe3a4","0xc0df2f8267b18709","0xc0db52292a241004"] expected="0x413de23800000000" actual=error:Num
FUNC.DATE "date-heldout-DATE-02953" args=["0x603892cb8aa6f891","0x40df482caa46613a","0xc013acbf6486c000"] expected="error:Num" actual=0x411125f800000000
FUNC.DATE "date-heldout-DATE-02956" args=["0x41c254d642f0da2c","0xc0d51486699e417c","0xc0d684cf9c7f5501"] expected="0x414161df00000000" actual=error:Num
FUNC.DATE "date-heldout-DATE-02968" args=["0xc1d6d27a830d3518","0xc0ddd276af9d786b","0x40b500fae3d63c50"] expected="0x411a806c00000000" actual=0x413136e400000000
FUNC.DATE "date-heldout-DATE-02969" args=["0x694f864eeba0a17b","0xc0c1f720731ed11e","0x40ada187d5296600"] expected="0x414476be80000000" actual=error:Num
FUNC.DATE "date-heldout-DATE-02972" args=["0xc1d5a33d32150de8","0xc0ca8ff9d13a26d8","0x40cbfd6a240dcec4"] expected="error:Num" actual=0x4123ce1400000000
FUNC.DATE "date-heldout-DATE-02973" args=["0x51231374bf6a69fc","0xc036d95b7cc84401","0xc090df15749a82a0"] expected="0x41468eb780000000" actual=error:Num
FUNC.DATE "date-heldout-DATE-02977" args=["0x7eeb441eed52e135","0x40dae47218e79b86","0xc0bf34385551ef94"] expected="error:Num" actual=0x41009f0800000000
FUNC.DATE "date-heldout-DATE-02980" args=["0x41c62509101b4f04","0x40657ded45d16100","0xc0733e87707a2b57"] expected="error:Num" actual=0x412eb07c00000000
FUNC.DATE "date-heldout-DATE-02985" args=["0x7eecee6a0bcd2a73","0xc0224e622b6f7960","0x406703a397c38c00"] expected="0x414691f580000000" actual=error:Num
FUNC.DATE "date-heldout-DATE-02993" args=["0x6e3e7a680f481fcb","0xc0c346634e7dfe8c","0xc0c0b1e113bf9b8a"] expected="0x414436d000000000" actual=error:Num
FUNC.DATE "date-heldout-DATE-02996" args=["0xc1da7d7d8345faa7","0xc0d87d931041050b","0xc0df4c8599a4fa65"] expected="error:Num" actual=0x41006b2000000000
FUNC.DATE "date-heldout-DATE-03000" args=["0x41b6f02ee83d49e8","0xc035e74e6a91ced8","0xc070504f104dc944"] expected="0x4146906000000000" actual=error:Num
FUNC.DATE "date-heldout-DATE-03013" args=["0x64fd7bacb4b1d2e2","0xc0ce49526049b0e2","0x40d6c4e79c3e90a8"] expected="0x414325e200000000" actual=error:Num
FUNC.DATE "date-heldout-DATE-03016" args=["0x41d8454fa8cfb832","0xc0acadc147295c08","0xc0dd17cc7e843cc5"] expected="0x41457dc700000000" actual=error:Num
FUNC.DATE "date-heldout-DATE-03025" args=["0x4ee4a01745b57df3","0xc0be9c2e0a05cec4","0x4073aeb37ffee156"] expected="0x4144c0eb80000000" actual=error:Num
FUNC.DATE "date-heldout-DATE-03032" args=["0x41d1c3a59aa602a4","0xc0cdecadb7eeea56","0x40ad70f70f299490"] expected="0x41430ab480000000" actual=error:Num
FUNC.DATE "date-heldout-DATE-03037" args=["0x4cf35d435591a230","0xc0b4f8ee068a0d80","0xc0dac47337335084"] expected="0x41451d7c00000000" actual=error:Num
FUNC.DATE "date-heldout-DATE-03041" args=["0x4d00a9d0b0781548","0xc0df3b7922f59660","0x40c9871206584de0"] expected="0x413e7cf800000000" actual=error:Num
FUNC.DATE "date-heldout-DATE-03044" args=["0x41de1057f378e714","0xc0db0ab212341874","0x40cbeec6ce208958"] expected="0x41403ffa00000000" actual=error:Num
FUNC.DATE "date-heldout-DATE-03045" args=["0x4448662647971c3a","0x3fd0b03cebb2d5c0","0xc073df20e5d33806"] expected="0x4146919200000000" actual=error:Num
FUNC.DATE "date-heldout-DATE-03052" args=["0x41ccbc99ddd55214","0xc0b907824be96d6c","0xc0ca8736d880b47c"] expected="0x4144faba00000000" actual=error:Num
FUNC.DATE "date-heldout-DATE-03053" args=["0x66c69d8e6de803d2","0xc0be3bed709a362c","0xc0dc7c9067278cb2"] expected="0x41448d1900000000" actual=error:Num
FUNC.DATE "date-heldout-DATE-03060" args=["0x41c6f858096a5bd0","0xc027cecae3f16a46","0xc058c3c821609808"] expected="0x4146914880000000" actual=error:Num
FUNC.DATE "date-heldout-DATE-03061" args=["0x540898e05acecefb","0xc0db3d56b06e6dba","0x40c13dd464428a74"] expected="0x4140293780000000" actual=error:Num
FUNC.DATE "date-heldout-DATE-03073" args=["0x5e0261e0ed3b6bb0","0x40dbbb3a7bd54a5c","0xc0a52826639b0808"] expected="error:Num" actual=0x4104750800000000
FUNC.DATE "date-heldout-DATE-03077" args=["0x43bd39032f5774cb","0xc0a54780df147750","0xc0d49e54301fc49f"] expected="0x4145c70580000000" actual=error:Num
FUNC.DATE "date-heldout-DATE-03080" args=["0x41de8319ef63c920","0xc0ccc0ffccc6e68e","0xc065f8bf76672cbc"] expected="0x414326ac00000000" actual=error:Num
FUNC.DATE "date-heldout-DATE-03081" args=["0x44bc90befb728dce","0xbfb03c63c921e100","0xc0df7fe76ad0084e"] expected="0x4146532200000000" actual=error:Num
FUNC.DATE "date-heldout-DATE-03084" args=["0x41dadd44961be830","0xbffd1d0e7db43a50","0x40d40ee6a0df6d96"] expected="error:Num" actual=0x412fca0400000000
FUNC.DATE "date-heldout-DATE-03088" args=["0x41d2d791d3800a3a","0xc0cde2aa84cae098","0xc0dbb869adfe127d"] expected="0x4142cd1780000000" actual=error:Num
FUNC.DATE "date-heldout-DATE-03092" args=["0x41df4b0f0d0f1c6e","0xc0d0895a8c449e20","0xc0550ffe1579ba00"] expected="0x4142a35a00000000" actual=error:Num
FUNC.DATE "date-heldout-DATE-03101" args=["0x5f862973b0d30977","0xc0abae946d788800","0x40c59a6079e518a0"] expected="0x4145d51d00000000" actual=error:Num
FUNC.DATE "date-heldout-DATE-03116" args=["0x41d7693e6804544c","0xc0cbe6e19732d648","0x40b4f283c892aa48"] expected="0x41434b6780000000" actual=error:Num
FUNC.DATE "date-heldout-DATE-03124" args=["0x41d84e4a8f167c16","0xc0d4831ecc81a112","0x40c5f92cd052a1f0"] expected="0x4141c77a80000000" actual=0x41440abb00000000
FUNC.DATE "date-heldout-DATE-03128" args=["0xc1c20bf59d90eaa8","0xc0894f7df8f376e0","0x40d9426aa1c03a36"] expected="0x41330e5200000000" actual=0x413da51a00000000
FUNC.DATE "date-heldout-DATE-03136" args=["0x41c9ae6c5156a99c","0xc0d40226cf455cf5","0x40c10d5a690c435c"] expected="0x4141e13b80000000" actual=error:Num
FUNC.DATE "date-heldout-DATE-03164" args=["0x41dc78587959f4d0","0xc0dec856b3b72106","0xc0df1a4130ec84d4"] expected="0x413e043300000000" actual=error:Num
FUNC.DATE "date-heldout-DATE-03172" args=["0x41dedc655be9e5b4","0xc0ddc2189fc37ada","0x40dd47200af0a036"] expected="0x413f726f00000000" actual=error:Num
FUNC.DATE "date-heldout-DATE-03173" args=["0x77f5a1a7d5790e7e","0x40de7a42f3f71578","0xc0da8f78334baa99"] expected="error:Num" actual=0x410beb6000000000
FUNC.DATE "date-heldout-DATE-03177" args=["0x51f4197ce8c535de","0xc03530e37ffdc414","0xc0dd2b507e8ff499"] expected="0x4146568c00000000" actual=error:Num
FUNC.DATE "date-heldout-DATE-03188" args=["0x4195de9897a673e0","0xc0d3b7f36b3e8e4a","0x407f530ba3276000"] expected="0x4141e2d080000000" actual=error:Num
FUNC.DATE "date-heldout-DATE-03209" args=["0x5b3cd859fb1d4fc3","0xc0c947e583b8b29a","0xc0d8277fa182a672"] expected="0x4143606680000000" actual=error:Num
FUNC.DATE "date-heldout-DATE-03212" args=["0xc1d0933566bad6f9","0xc0dbdac0765da793","0x40d2edae244a0cf4"] expected="0x414278e180000000" actual=error:Num
FUNC.DATE "date-heldout-DATE-03217" args=["0x57b40fb12f15396c","0x40dc6c8d0feccc10","0x40d60f2a203cb566"] expected="error:Num" actual=0x410a2ee800000000
FUNC.DATE "date-heldout-DATE-03224" args=["0x41b06746754d5568","0xc08e657df58b7f60","0x40dc916b7b3f9f22"] expected="0x4146917c00000000" actual=error:Num
FUNC.DATE "date-heldout-DATE-03229" args=["0x780a466274cb7403","0xc0d4a2f488d873ae","0x40d790e9f6d8cd72"] expected="0x4141d91680000000" actual=error:Num
FUNC.DATE "date-heldout-DATE-03233" args=["0x72f5adfba99fe856","0xc0b0f5a5cad46c6c","0x40db88b9e15e5b44"] expected="0x4145c72480000000" actual=error:Num
FUNC.DATE "date-heldout-DATE-03236" args=["0x419e03339ac6a6c0","0xc0d5368f8e91a464","0xc0d1b56583c6d004"] expected="0x4141636880000000" actual=error:Num
FUNC.DATE "date-heldout-DATE-03241" args=["0x7b5f45e8c810f0a8","0xc0cf0d4f071d0c06","0xc0d12f8692bb28d8"] expected="0x4142beac00000000" actual=error:Num
FUNC.DATE "date-heldout-DATE-03244" args=["0x41c39009218b8ec4","0x40cfb7f856ad3908","0x40b8239373d5cdb0"] expected="error:Num" actual=0x413719e900000000
FUNC.DATE "date-heldout-DATE-03256" args=["0x41adbb90f1949740","0xc0d104ee9ae746ec","0x40b439fe46888ec0"] expected="0x4142904280000000" actual=error:Num
FUNC.DATE "date-heldout-DATE-03269" args=["0x52a4afc122dc58d5","0x40d8b8888e165c3e","0xc0c9f26b5d89f2cc"] expected="error:Num" actual=0x40eedc6000000000
FUNC.DATE "date-heldout-DATE-03272" args=["0x41dbcdc29ea4c56e","0x40d06dd7fda1007e","0xc0cccbed3f521a92"] expected="error:Num" actual=0x4127e44c00000000
FUNC.DATE "date-heldout-DATE-03273" args=["0x647903b7f8023a58","0xc03465921dc6095c","0xc0d870658c96843a"] expected="0x4146601000000000" actual=error:Num
FUNC.DATE "date-heldout-DATE-03276" args=["0x41cbe30e9208dcb4","0x4038d3d26fc8aa90","0x40d56d54c563da26"] expected="error:Num" actual=0x413f550e00000000
FUNC.DATE "date-heldout-DATE-03297" args=["0x52f7d5805e7ddc80","0xc02d426840e77ad2","0xc0d9f446a4d7de27"] expected="0x41465d6400000000" actual=error:Num
FUNC.DATE "date-heldout-DATE-03300" args=["0xc1d542ba0e52dea8","0x4037e412fed64fa4","0x405c60258c378328"] expected="0x4137575900000000" actual=0x4140f71080000000
FUNC.DATE "date-heldout-DATE-03308" args=["0x41c8f0bc335e5d14","0xc0dd2191da58f1b3","0x40d9fe1e3d0483b2"] expected="0x413fb1a000000000" actual=error:Num
FUNC.DATE "date-heldout-DATE-03324" args=["0x41cf7ba139f17c14","0xc02ab5426daa6b9b","0xc0c834b8e8bf23f2"] expected="0x4146792700000000" actual=error:Num
FUNC.DATE "date-heldout-DATE-03332" args=["0x41a9732caa3e6950","0xc0c9a6f795fb928a","0x40dafcbbaf97fc4c"] expected="0x4143bb6300000000" actual=error:Num
FUNC.DATE "date-heldout-DATE-03349" args=["0x678875f1433a47cf","0x40ddf0842a1b4b82","0xc0cbfbfdb0bf4644"] expected="error:Num" actual=0x410b717800000000
FUNC.DATE "date-heldout-DATE-03356" args=["0xc1d5abfa0453e9c0","0x40dc8d6bd58d292a","0x40d4bcdf0890dadc"] expected="0x4142ba2500000000" actual=error:Num
FUNC.DATE "date-heldout-DATE-03357" args=["0x68d4f7467c001e63","0xbff07b1f4c30b4e0","0xc0dde18c857c5af8"] expected="0x4146564f00000000" actual=error:Num
FUNC.DATE "date-heldout-DATE-03368" args=["0x41d3bb865ea170d2","0x40de6e0f07c90808","0x40c20bad99506c54"] expected="error:Num" actual=0x41442f8600000000
FUNC.DATE "date-heldout-DATE-03372" args=["0x41afcc22fbefc060","0xc02be9e9c4011ef4","0x40d7e6c5dc016e26"] expected="error:Num" actual=0x412d750200000000
FUNC.DATE "date-heldout-DATE-03389" args=["0x436b13fcc3f72689","0x40dfb21bbdf7e1c4","0xc0cdfe513356820c"] expected="error:Num" actual=0x4110ffbc00000000
FUNC.DATE "date-heldout-DATE-03393" args=["0x7e8847dd61ce38fd","0xc030b99aac2a11e6","0xc0b27c771146f0f0"] expected="0x414687ef80000000" actual=error:Num
FUNC.DATE "date-heldout-DATE-03397" args=["0x63a79292ea7e19c7","0xc0c50d7c82dce44e","0xc0d0b72eb68d44a2"] expected="0x4143effb00000000" actual=error:Num
FUNC.DATE "date-heldout-DATE-03404" args=["0x41c58a95e3960fa4","0xc0c136ac9c5d9b08","0xc0cda7c2ffab101e"] expected="0x4144689200000000" actual=error:Num
FUNC.DATE "date-heldout-DATE-03405" args=["0x6f676f99932db9bc","0xc02a597857cc860b","0xc073aa8bfa5c3f67"] expected="0x414690be80000000" actual=error:Num
FUNC.DATE "date-heldout-DATE-03417" args=["0x6b112d681dc7e2b9","0xc02d83bf0817f3a4","0xc0d1eb978fc6b5d4"] expected="0x41466d7580000000" actual=error:Num
FUNC.DATE "date-heldout-DATE-03437" args=["0x7e71bcd251a60e7d","0xc0d830745f0b8606","0xc0bedecf04e45348"] expected="0x4140c24080000000" actual=error:Num
FUNC.DATE "date-heldout-DATE-03444" args=["0xc19f7fc91fa6ea10","0x402724317256f5fc","0x40c2dc234f48cd28"] expected="0x4122459800000000" actual=0x4133b99500000000
FUNC.DATE "date-heldout-DATE-03445" args=["0x64a073ccc5222322","0xc0cdae331d397172","0x4037196da1c1ecc0"] expected="0x41430ad180000000" actual=error:Num
FUNC.DATE "date-heldout-DATE-03448" args=["0x41d9020079264ef6","0x40d0afc8fd16f188","0x40d8551b46350784"] expected="error:Num" actual=0x40db204000000000
FUNC.DATE "date-heldout-DATE-03449" args=["0x5826b2c885714b4e","0x40ddb31c105c692a","0x40bf202a0c999618"] expected="error:Num" actual=0x410d403800000000
FUNC.DATE "date-heldout-DATE-03464" args=["0x41d808d43f9bf222","0xc0c8564fc9a25a96","0xc0dafc78bb6afe56"] expected="0x4143777300000000" actual=error:Num
FUNC.DATE "date-heldout-DATE-03472" args=["0x41c3d2831789f528","0xc0a89c528904ce70","0xc0a1a54e2908e268"] expected="0x4145d27600000000" actual=error:Num
FUNC.DATE "date-heldout-DATE-03473" args=["0x4f50b96a6d2f805d","0xc0da13573cc55517","0x40ab934b979f5630"] expected="0x414065bb00000000" actual=error:Num
FUNC.DATE "date-heldout-DATE-03485" args=["0x6f092a44ba478d80","0xc0bf92a400fdc990","0xc045f2e64c34c310"] expected="0x4144b19800000000" actual=error:Num
FUNC.DATE "date-heldout-DATE-03488" args=["0x41c042a9e69eb774","0xc0a4d2b444f35848","0x40d1c818ddfa6e7e"] expected="0x4146174500000000" actual=error:Num
FUNC.DATE "date-heldout-DATE-03496" args=["0x41d36c9c42058b0c","0xc086aabf115b5300","0xc0b1dc41ebb28324"] expected="0x41465e1980000000" actual=error:Num
FUNC.DATE "date-heldout-DATE-03497" args=["0x677035e08a328787","0xc0d07dee0dc33150","0xc0b43352687f11fc"] expected="0x41429c2680000000" actual=error:Num
FUNC.DATE "date-heldout-DATE-03500" args=["0xc1a231c462e6d4a8","0x40a325ce7858d5f0","0xc064319899e73745"] expected="0x414088d980000000" actual=0x4145d43e00000000
FUNC.DATE "date-heldout-DATE-03516" args=["0x41d5607856a2e4ba","0xc03105fddf6476aa","0xc0942abe2743c140"] expected="0x41468e9980000000" actual=error:Num
FUNC.DATE "date-heldout-DATE-03517" args=["0x57a17c004fbeb384","0xc0d2922e3b51d81d","0xc0c3880ed77ff4ba"] expected="0x4142142700000000" actual=error:Num
FUNC.DATE "date-heldout-DATE-03520" args=["0x41b9233e6c8f9ee8","0xc0d8df27c221c43f","0xc055e59c1be2e550"] expected="0x4140a7f680000000" actual=error:Num
FUNC.DATE "date-heldout-DATE-03521" args=["0x4c7609fde1cacd24","0xc0b383375f6829d4","0x40bc197e4586fc70"] expected="0x4145773e00000000" actual=error:Num
FUNC.DATE "date-heldout-DATE-03525" args=["0x76fe2723650ac0b5","0xc02a0bfe1ab29aee","0x40585a72a1daf34c"] expected="0x4146918c80000000" actual=error:Num
FUNC.DATE "date-heldout-DATE-03532" args=["0xc1d3733aa8a009f8","0x4031e29682d57000","0xc0d4ccf1a7a9e7ae"] expected="0x413392b100000000" actual=0x413e297a00000000
FUNC.DATE "date-heldout-DATE-03544" args=["0x41cc7d0dda023b40","0xc0b774214b5286d4","0xc0db2a7426337d83"] expected="0x4144f6e100000000" actual=0x4139b8d500000000
FUNC.DATE "date-heldout-DATE-03545" args=["0x52b1107317446d80","0xc0da0e08c1f92eda","0x406f68a7f71e9e3c"] expected="0x4140609380000000" actual=error:Num
FUNC.DATE "date-heldout-DATE-03552" args=["0x41bf5093d45da000","0xc0343aeaa4bda8b8","0xc0cc56b5bf432dea"] expected="0x4146749a00000000" actual=error:Num
FUNC.DATE "date-heldout-DATE-03560" args=["0x41b5481e2b914a38","0xc0d9b0ec7007d0ab","0xc074d5c91e47c6c2"] expected="0x4140759b00000000" actual=0x41343a8d00000000
FUNC.DATE "date-heldout-DATE-03565" args=["0x746b412e78cf8ec1","0xc0dd10f325b458be","0xc0506f9468e05734"] expected="0x413f515c00000000" actual=error:Num
FUNC.DATE "date-heldout-DATE-03569" args=["0x486a85b8d229654f","0xc0c98844907dd62a","0x40ddd2c76942ffd0"] expected="0x4143c4af80000000" actual=error:Num
FUNC.DATE "date-heldout-DATE-03576" args=["0x41a17f0ab95582d0","0xc000b5cc2b97b8e0","0xc0a01b205da0c868"] expected="0x41468dfc80000000" actual=error:Num
FUNC.DATE "date-heldout-DATE-03581" args=["0x68610ba1ac8c7e5d","0xc0d2ac1772dedb92","0xc0d52581a21aff81"] expected="0x4141f73580000000" actual=error:Num
FUNC.DATE "date-heldout-DATE-03589" args=["0x79a386e868b35d2e","0x40d8eee238441120","0xc0ca0dcd497cc400"] expected="error:Num" actual=0x40f1078000000000
FUNC.DATE "date-heldout-DATE-03597" args=["0x5cd057565f630cea","0x3fe664aa1a17fba0","0xc0d76ca45581f245"] expected="0x4146635780000000" actual=error:Num
FUNC.DATE "date-heldout-DATE-03600" args=["0x41bcc818e5bde908","0x4027c5a0ebdc74ac","0xc06a01e94ecfd919"] expected="error:Num" actual=0x4138ee2200000000
FUNC.DATE "date-heldout-DATE-03608" args=["0x419d88b9bb6a6440","0xc0ce851e88c7753c","0xc0ad56a718c9e7b0"] expected="0x4142e9e100000000" actual=error:Num
FUNC.DATE "date-heldout-DATE-03637" args=["0x4b5b1f13f233441e","0xc0d24af9d819ca88","0x40deda829fcff27a"] expected="0x4142765680000000" actual=error:Num
FUNC.DATE "date-heldout-DATE-03641" args=["0x627f2211bc47102e","0xc0aaba94ab515d68","0x40dd47a1f6673e00"] expected="0x4146015280000000" actual=error:Num
FUNC.DATE "date-heldout-DATE-03653" args=["0x7f8e4a2aa29444f0","0xc0d6eb950ca350cc","0xc0da4054ffc31ce4"] expected="0x4140ea6880000000" actual=error:Num
FUNC.DATE "date-heldout-DATE-03660" args=["0x41de1706df742d7c","0xc03673b4098e061e","0x4042451f75108b58"] expected="0x414690e580000000" actual=0x413c9e6500000000
FUNC.DATE "date-heldout-DATE-03664" args=["0x41c01be7b8f28eac","0xc0d94296b2d5b295","0x40c8bff5a575d724"] expected="0x4140a93900000000" actual=error:Num
FUNC.DATE "date-heldout-DATE-03668" args=["0x41de3aa2b9c30242","0xc0c3e218dde4269e","0x4095b5f1fe84ce60"] expected="0x414437ac00000000" actual=error:Num
FUNC.DATE "date-heldout-DATE-03680" args=["0x41a594b22e89ede0","0xc0db9b7fbb4eb722","0x4066a527634cba2c"] expected="0x414001fb00000000" actual=error:Num
FUNC.DATE "date-heldout-DATE-03688" args=["0x41d1a7eb71010136","0xc0b31b24582502b4","0xc0d53374c60013df"] expected="0x414544f980000000" actual=error:Num
FUNC.DATE "date-heldout-DATE-03697" args=["0x74a2c85e11f1e735","0x40ddbdba534f8094","0x40d0e9fe3f0b6f8e"] expected="error:Num" actual=0x410e8c6800000000
FUNC.DATE "date-heldout-DATE-03709" args=["0x5643e25066adb87f","0xc0d7159af5490864","0xc0d8fcca2313a368"] expected="0x4140e2f300000000" actual=error:Num
FUNC.DATE "date-heldout-DATE-03713" args=["0x7713a700af977215","0xc0d86e200d71edcf","0xc0d51027c9c032df"] expected="0x414098e000000000" actual=error:Num
FUNC.DATE "date-heldout-DATE-03729" args=["0x5ab2c710e1b7b15e","0xc0387ea2fa15c65d","0xc0c069cf0f80013a"] expected="0x4146804b00000000" actual=error:Num
FUNC.DATE "date-heldout-DATE-03748" args=["0x41c2ec8c50dc654c","0xc0dcdbbfdf3651ab","0x40d7b1c3ef4230ca"] expected="0x413fc9b800000000" actual=0x412663ea00000000
FUNC.DATE "date-heldout-DATE-03752" args=["0xc1dc513da70aba27","0xc0db4df979371905","0xc0c88026e6bf74ca"] expected="error:Num" actual=0x40cb840000000000
FUNC.DATE "date-heldout-DATE-03761" args=["0x68aeb6b41e893f0d","0xc0d56997ec4a0555","0x40d43fb9cff31bb0"] expected="0x4141a33200000000" actual=error:Num
FUNC.DATE "date-heldout-DATE-03764" args=["0x41b04513a0681780","0xc0d2962b6ad6d2fa","0x402996aceb14c000"] expected="0x414226c300000000" actual=0x4121243e00000000
FUNC.DATE "date-heldout-DATE-03781" args=["0x72506a526b75f4f1","0xc0dc58e8daf99a0a","0xc0de5f744fe2ed4d"] expected="0x413f2fa300000000" actual=error:Num
FUNC.DATE "date-heldout-DATE-03784" args=["0xc1cb66740107239c","0xc0a6a8af82686060","0xc09bc564a80a2d30"] expected="0x413642c700000000" actual=0x41406cc800000000
FUNC.DATE "date-heldout-DATE-03792" args=["0x41d4d986732546ce","0xc034608827350c62","0x40d9efd1e10a2b96"] expected="error:Num" actual=0x413a9c7500000000
FUNC.DATE "date-heldout-DATE-03793" args=["0x5ea32877c8d8afca","0xc0c643578639c032","0x40d012e466a92c30"] expected="0x41440cb400000000" actual=error:Num
FUNC.DATE "date-heldout-DATE-03797" args=["0x73c698cd79c69c63","0xc0d3286709af6a92","0xc0b132ce58e819e8"] expected="0x4141fb5d00000000" actual=error:Num
FUNC.DATE "date-heldout-DATE-03800" args=["0x41c7488a5a4daba4","0x40df9ed82ac11314","0xc06248abd9fdf6aa"] expected="error:Num" actual=0x4140fded00000000
FUNC.DATE "date-heldout-DATE-03817" args=["0x75e3ca6a689295e8","0xc0bfecab758bba48","0x4092d03b3bd6fa00"] expected="0x4144aeaf00000000" actual=error:Num
FUNC.DATE "date-heldout-DATE-03820" args=["0xc1c262efe610743a","0xc0d0ef911086d2a4","0x407211fa7f5d1336"] expected="0x413b4cc600000000" actual=0x4142f1c780000000
FUNC.DATE "date-heldout-DATE-03824" args=["0x41d52d68e13ada32","0xc0d4ba5024049ed6","0xc0cad76627f42ffa"] expected="0x4141898780000000" actual=error:Num
FUNC.DATE "date-heldout-DATE-03836" args=["0x41d0b2e87dcecb6e","0xc0c3cdded04ce5e8","0x40cca9801637bb44"] expected="0x4144540f80000000" actual=error:Num
FUNC.DATE "date-heldout-DATE-03845" args=["0x6d1c21bcd12b622d","0xc0b55767d31bb5dc","0x404c0dacccb11d98"] expected="0x41454d7b80000000" actual=error:Num
FUNC.DATE "date-heldout-DATE-03856" args=["0x41b0d3d4f0d9dd08","0xc0cb2c0f1a2467f2","0x40d76568dbfa17ee"] expected="0x414385e580000000" actual=error:Num
FUNC.DATE "date-heldout-DATE-03857" args=["0x5f5252ec46b00c32","0xc0c451e0e5ca4e98","0x40dcb30e22acc310"] expected="0x4144611a80000000" actual=error:Num
FUNC.DATE "date-heldout-DATE-03860" args=["0x41b1b6957d211e48","0xc0d623566f2a643d","0x406e7652efb60a10"] expected="0x41414f0080000000" actual=error:Num
FUNC.DATE "date-heldout-DATE-03865" args=["0x4b42e489e7a60a81","0x40d96b887d30c0f2","0xc070064a3d94fa71"] expected="error:Num" actual=0x40f7eea000000000
FUNC.DATE "date-heldout-DATE-03869" args=["0x4730f5d15499b5df","0x40deeeb48bc00b6e","0x40c90ee6d2fc1900"] expected="error:Num" actual=0x4111443c00000000
FUNC.DATE "date-heldout-DATE-03884" args=["0x41dc609a2eacaea8","0xc0d6f45462d90f94","0x40cf0f29fe0cdc5c"] expected="0x41413be480000000" actual=error:Num
FUNC.DATE "date-heldout-DATE-03893" args=["0x4faf8a4b60170ca8","0xc0b3a5e676c938f4","0xc0a1d96387be9d58"] expected="0x414562b600000000" actual=error:Num
FUNC.DATE "date-heldout-DATE-03904" args=["0xc1a9e1c428c844d0","0xc0d99cba585c35eb","0x40c2cbf6a0372408"] expected="0x41340fc400000000" actual=0x413ea68d00000000
FUNC.DATE "date-heldout-DATE-03905" args=["0x5e37615f9440ebe2","0xc0d7d4db33589c78","0xc05a54e93c1548fc"] expected="0x4140e73d00000000" actual=error:Num
FUNC.DATE "date-heldout-DATE-03908" args=["0xc1cb17effcf06a52","0xc0c77230f4ee6f74","0xc0d206b15337d88b"] expected="0x413d3dfd00000000" actual=0x4143ea6300000000
FUNC.DATE "date-heldout-DATE-03916" args=["0x41d55291a274de82","0xc0d92fafbc90129a","0xc0aa4ee6c6447ef8"] expected="0x41408e6a80000000" actual=error:Num
FUNC.DATE "date-heldout-DATE-03945" args=["0x55cdd592e82e7624","0xc020db29d804e3f4","0xc06ba664053c24e9"] expected="0x4146913880000000" actual=error:Num
FUNC.DATE "date-heldout-DATE-03948" args=["0x41d3015f936162f4","0x3fe74462d5ae53a0","0xc0d9eaa856375a94"] expected="0x41465e5b80000000" actual=error:Num
FUNC.DATE "date-heldout-DATE-03956" args=["0xc1d5ee7d9ad5970e","0x40c20e03796e2918","0x40d488d881ca696a"] expected="0x411ec28400000000" actual=0x4132476900000000
FUNC.DATE "date-heldout-DATE-03968" args=["0x41d09d6acab7d36e","0xc0d0072ad10491e9","0xc0bfc3b22940e738"] expected="0x4142b29a80000000" actual=error:Num
FUNC.DATE "date-heldout-DATE-03973" args=["0x59bdd11a0c83307d","0xc0c1fa1a19c0dc9e","0x40dd99f0da801248"] expected="0x4144aa2f80000000" actual=error:Num
FUNC.DATE "date-heldout-DATE-03976" args=["0x41c451a70282d12c","0xc0936e39fc7fcb20","0x40cc20961c16d6ac"] expected="0x4146645e00000000" actual=error:Num
FUNC.DATE "date-heldout-DATE-03980" args=["0x41de36eef52f81a2","0xc097b625a2a0ca70","0xc0695ef2c4ba125f"] expected="0x4146378e00000000" actual=error:Num
FUNC.DATE "date-heldout-DATE-03984" args=["0x41d215312f53ac84","0xc0265cd84d03c3a1","0xc0de935315d80dbf"] expected="0x4146545380000000" actual=error:Num
FUNC.DATE "date-heldout-DATE-03985" args=["0x50fd58cce3a128db","0xc0c9274b0c344a88","0x4069ef283b03f274"] expected="0x414394fa80000000" actual=error:Num
FUNC.DATE "date-heldout-DATE-03988" args=["0xc1d767f6640f287a","0xc0a224d81bb40950","0xc0a861f4f2a93638"] expected="0x41458f2600000000" actual=error:Num
FUNC.DATE "date-heldout-DATE-03989" args=["0x4b45ff58dcb6548f","0xc0d7d808c3d13394","0xc0d3fec2a52a5de5"] expected="0x4140beae00000000" actual=error:Num
FUNC.MINUTE "date-heldout-MINUTE-01306" args=["0x3fd582bfe7ba3760"] expected="0x4008000000000000" actual=0x4010000000000000
note: run with `RUST_BACKTRACE=1` environment variable to display a backtrace
test date_independent_live_replay ... FAILED

failures:

failures:
    date_independent_live_replay

test result: FAILED. 3 passed; 1 failed; 0 ignored; 0 measured; 0 filtered out; finished in 1.47s

error: test failed, to rerun pass `-p oxfunc_core --test w111_date_live_replay`
