✔ [266/526] Built OxFunc.Functions.Asin:c.o (1.8s)
✔ [267/526] Built OxFunc.Functions.Acos:c.o (1.8s)
✔ [299/526] Built OxFunc.Functions.Exact (2.4s)
✔ [300/526] Built OxFunc.Functions.IsEvenFn (2.6s)
✔ [301/526] Built OxFunc.Functions.Sqrt (2.5s)
✔ [304/526] Built OxFunc.Functions.ArrayTextSplitFamily:c.o (635ms)
✔ [322/526] Built OxFunc.Functions.Cosh (2.8s)
✔ [323/526] Built OxFunc.Functions.Csch (2.8s)
✔ [324/526] Built OxFunc.Functions.PhiFn (2.8s)
✔ [331/526] Built OxFunc.Functions.IsPredicatesFamily (2.9s)
✔ [332/526] Built OxFunc.NumericPublication:c.o (839ms)
✔ [338/526] Built OxFunc.NumericTextRendering:c.o (2.8s)
✔ [339/526] Built OxFunc.HyperbolicComposition:c.o (774ms)
✔ [340/526] Built OxFunc.Functions.Coth:c.o (592ms)
✔ [344/526] Built OxFunc.Functions.Sinh (3.2s)
✔ [345/526] Built OxFunc.Functions.StandardizeFn (3.2s)
✔ [346/526] Built OxFunc.Functions.WebTextXmlFamily (3.0s)
✔ [360/526] Built OxFunc.Functions.TextSliceFamily (3.3s)
✔ [361/526] Built OxFunc.Functions.DistributionArguments:c.o (735ms)
✔ [366/526] Built OxFunc.Functions.LogFn:c.o (493ms)
✔ [378/526] Built OxFunc.Functions.IntFn:c.o (770ms)
✔ [379/526] Built OxFunc.Functions.LcmFn:c.o (773ms)
✔ [381/526] Built OxFunc.Functions.DiscreteDistFamily:c.o (1.6s)
✔ [382/526] Built OxFunc.TextScalarBroadcast:c.o (1.6s)
✔ [385/526] Built OxFunc.Functions.MedianFn:c.o (488ms)
✔ [399/526] Built OxFunc.RemainderPublication:c.o (739ms)
✔ [400/526] Built OxFunc.Functions.ModFn:c.o (722ms)
✔ [409/526] Built OxFunc.Functions.FisherFn (5.0s)
✔ [410/526] Built OxFunc.Functions.DepreciationFamily:c.o (2.2s)
✔ [419/526] Built OxFunc.Functions.FinancialTimeValueFamily (5.1s)
✔ [420/526] Built OxFunc.PermutationPower:c.o (516ms)
✔ [421/526] Built OxFunc.Functions.PermutationAFn:c.o (356ms)
✔ [422/526] Built OxFunc.ElementaryPublication:c.o (2.4s)
✔ [423/526] Built OxFunc.Functions.Mround:c.o (954ms)
✔ [424/526] Built OxFunc.Functions.NormalLogFamily:c.o (857ms)
✔ [425/526] Built OxFunc.Functions.Radians:c.o (415ms)
✔ [435/526] Built OxFunc.ElementaryPrepared:c.o (2.4s)
✔ [436/526] Built OxFunc.Functions.PowerFn:c.o (2.4s)
✔ [437/526] Built OxFunc.GcdLcmReduction:c.o (2.3s)
✔ [438/526] Built OxFunc.Functions.GcdFn:c.o (2.3s)
✔ [439/526] Built OxFunc.AggregatePublication:c.o (2.2s)
✔ [440/526] Built OxFunc.Functions.HarMeanFn:c.o (2.1s)
✔ [441/526] Built OxFunc.IntegerPreparation:c.o (2.1s)
✔ [498/526] Built OxFunc.Functions.RoundDownFn:c.o (442ms)
✔ [500/526] Built OxFunc.Functions.Round:c.o (649ms)
✔ [501/526] Built OxFunc.Functions.RoundUpFn:c.o (408ms)
✔ [504/526] Built OxFunc.Functions.Sech:c.o (460ms)
✔ [505/526] Built OxFunc.Functions.Cosh:c.o (740ms)
✔ [506/526] Built OxFunc.Functions.Csch:c.o (749ms)
✔ [507/526] Built OxFunc.Functions.FisherFn:c.o (488ms)
✔ [508/526] Built OxFunc.Functions.IsPredicatesFamily:c.o (751ms)
✔ [509/526] Built OxFunc.Functions.IsEvenFn:c.o (737ms)
✔ [510/526] Built OxFunc.Functions.PhiFn:c.o (737ms)
✔ [511/526] Built OxFunc.Functions.Sinh:c.o (521ms)
✔ [512/526] Built OxFunc.Functions.Sqrt:c.o (742ms)
✔ [513/526] Built OxFunc.Functions.StandardizeFn:c.o (586ms)
✔ [514/526] Built OxFunc.Functions.Tanh:c.o (830ms)
✔ [515/526] Built OxFunc.Functions.TruncFn:c.o (827ms)
✔ [516/526] Built OxFunc.Functions.DevSqFn:c.o (858ms)
✔ [517/526] Built OxFunc.Functions.ValueToText:c.o (817ms)
✔ [518/526] Built OxFunc.Functions.ReferenceMetadataFamily:c.o (1.8s)
✔ [519/526] Built OxFunc.DecimalRounding:c.o (1.7s)
✔ [520/526] Built OxFunc.Functions.TextBCompatFamily (1.8s)
✔ [522/526] Built OxFunc (1.5s)
✔ [524/526] Built Main (1.4s)
✖ [526/526] Building oxfunc_formal_check:exe (969ms)
trace: .> c:\Users\GovertvanDrimmelen\.elan\toolchains\leanprover--lean4---v4.28.0\bin\clang.exe -o C:\Work\DnaCalc\OxFunc\formal\lean\.lake\build\bin\oxfunc_formal_check.exe @C:\Work\DnaCalc\OxFunc\formal\lean\.lake\build\bin\oxfunc_formal_check.exe.rsp
info: stderr:
ld.lld: error: undefined symbol: initialize_oxfunc__formal_OxFunc_Functions_HarMeanFn
>>> referenced by C:\Work\DnaCalc\OxFunc\formal\lean\.lake\build\ir\OxFunc.c.o.noexport:(initialize_oxfunc__formal_OxFunc)

ld.lld: error: undefined symbol: initialize_oxfunc__formal_OxFunc_Functions_DevSqFn
>>> referenced by C:\Work\DnaCalc\OxFunc\formal\lean\.lake\build\ir\OxFunc.c.o.noexport:(initialize_oxfunc__formal_OxFunc)
clang: error: linker command failed with exit code 1 (use -v to see invocation)
error: external command 'c:\Users\GovertvanDrimmelen\.elan\toolchains\leanprover--lean4---v4.28.0\bin\clang.exe' exited with code 1
Some required targets logged failures:
- oxfunc_formal_check:exe
error: build failed
